2026-02-16T02:03:59.8690975Z Current runner version: '2.331.0'
2026-02-16T02:03:59.8712828Z ##[group]Runner Image Provisioner
2026-02-16T02:03:59.8713650Z Hosted Compute Agent
2026-02-16T02:03:59.8714285Z Version: 20260123.484
2026-02-16T02:03:59.8714844Z Commit: 6bd6555ca37d84114959e1c76d2c01448ff61c5d
2026-02-16T02:03:59.8715568Z Build Date: 2026-01-23T19:41:17Z
2026-02-16T02:03:59.8716223Z Worker ID: {6016ca54-c9d4-4bb4-b27d-b740fb2af834}
2026-02-16T02:03:59.8716939Z Azure Region: westcentralus
2026-02-16T02:03:59.8717472Z ##[endgroup]
2026-02-16T02:03:59.8718935Z ##[group]Operating System
2026-02-16T02:03:59.8719513Z Ubuntu
2026-02-16T02:03:59.8719984Z 24.04.3
2026-02-16T02:03:59.8720414Z LTS
2026-02-16T02:03:59.8720950Z ##[endgroup]
2026-02-16T02:03:59.8721438Z ##[group]Runner Image
2026-02-16T02:03:59.8721908Z Image: ubuntu-24.04
2026-02-16T02:03:59.8722482Z Version: 20260209.23.1
2026-02-16T02:03:59.8723805Z Included Software: https://github.com/actions/runner-images/blob/ubuntu24/20260209.23/images/ubuntu/Ubuntu2404-Readme.md
2026-02-16T02:03:59.8725287Z Image Release: https://github.com/actions/runner-images/releases/tag/ubuntu24%2F20260209.23
2026-02-16T02:03:59.8726170Z ##[endgroup]
2026-02-16T02:03:59.8727255Z ##[group]GITHUB_TOKEN Permissions
2026-02-16T02:03:59.8728988Z Contents: read
2026-02-16T02:03:59.8729528Z Metadata: read
2026-02-16T02:03:59.8730178Z Packages: read
2026-02-16T02:03:59.8730659Z ##[endgroup]
2026-02-16T02:03:59.8732963Z Secret source: Actions
2026-02-16T02:03:59.8733747Z Prepare workflow directory
2026-02-16T02:03:59.9128797Z Prepare all required actions
2026-02-16T02:03:59.9165639Z Getting action download info
2026-02-16T02:04:00.4608183Z Download action repository 'actions/checkout@v4' (SHA:34e114876b0b11c390a56381ad16ebd13914f8d5)
2026-02-16T02:04:00.5896999Z Download action repository 'julia-actions/setup-julia@v2' (SHA:5c9647d97b78a5debe5164e9eec09d653d29bd71)
2026-02-16T02:04:01.1795880Z Download action repository 'julia-actions/cache@v2' (SHA:d10a6fd8f31b12404a54613ebad242900567f2b9)
2026-02-16T02:04:01.6754529Z Download action repository 'julia-actions/julia-buildpkg@v1' (SHA:e3eb439fad4f9aba7da2667e7510e4a46ebc46e1)
2026-02-16T02:04:02.0892391Z Download action repository 'julia-actions/julia-runtest@v1' (SHA:d60b785c6f2bdf4ebfb18b2b6f7d93b7dfb0efe3)
2026-02-16T02:04:02.5182222Z Download action repository 'julia-actions/julia-processcoverage@v1' (SHA:03114f09f119417c3242a9fb6e0b722676aedf38)
2026-02-16T02:04:02.9481193Z Download action repository 'codecov/codecov-action@v5' (SHA:671740ac38dd9b0130fbe1cec585b89eea48d3de)
2026-02-16T02:04:03.5276699Z Getting action download info
2026-02-16T02:04:03.7560409Z Download action repository 'dcarbone/install-jq-action@f0e10f46ff84f4d32178b4b76e1ef180b16f82c3' (SHA:f0e10f46ff84f4d32178b4b76e1ef180b16f82c3)
2026-02-16T02:04:04.2154944Z Download action repository 'actions/cache@5a3ec84eff668545956fd18022155c47e93e2684' (SHA:5a3ec84eff668545956fd18022155c47e93e2684)
2026-02-16T02:04:04.3737800Z Download action repository 'pyTooling/Actions@42e17fae05f224e5ac3d79d021a4e3577878efe5' (SHA:42e17fae05f224e5ac3d79d021a4e3577878efe5)
2026-02-16T02:04:05.0314250Z Getting action download info
2026-02-16T02:04:05.2023283Z Download action repository 'actions/github-script@60a0d83039c74a4aee543508d2ffcb1c3799cdea' (SHA:60a0d83039c74a4aee543508d2ffcb1c3799cdea)
2026-02-16T02:04:05.7853146Z Complete job name: Julia pre - ubuntu-latest - x64 - push
2026-02-16T02:04:05.8398456Z ##[group]Run sudo swapoff -a
2026-02-16T02:04:05.8398795Z [36;1msudo swapoff -a[0m
2026-02-16T02:04:05.8399038Z [36;1msudo fallocate -l 8G /swapfile[0m
2026-02-16T02:04:05.8399303Z [36;1msudo chmod 600 /swapfile[0m
2026-02-16T02:04:05.8399550Z [36;1msudo mkswap /swapfile[0m
2026-02-16T02:04:05.8399780Z [36;1msudo swapon /swapfile[0m
2026-02-16T02:04:05.8400008Z [36;1msudo swapon --show[0m
2026-02-16T02:04:05.8455637Z shell: /usr/bin/bash -e {0}
2026-02-16T02:04:05.8456148Z env:
2026-02-16T02:04:05.8456323Z   JULIA_PKG_SERVER: 
2026-02-16T02:04:05.8456533Z ##[endgroup]
2026-02-16T02:04:05.9015047Z mkswap: /swapfile: warning: wiping old swap signature.
2026-02-16T02:04:05.9018349Z Setting up swapspace version 1, size = 8 GiB (8589930496 bytes)
2026-02-16T02:04:05.9018784Z no label, UUID=973be4e7-0802-4426-85a3-6471b223b129
2026-02-16T02:04:05.9197535Z NAME      TYPE SIZE USED PRIO
2026-02-16T02:04:05.9198007Z /swapfile file   8G   0B   -2
2026-02-16T02:04:05.9461708Z ##[group]Run actions/checkout@v4
2026-02-16T02:04:05.9462001Z with:
2026-02-16T02:04:05.9462225Z   repository: cx-xd/FiniteVolumeMethod.jl
2026-02-16T02:04:05.9462939Z   token: ***
2026-02-16T02:04:05.9463143Z   ssh-strict: true
2026-02-16T02:04:05.9463323Z   ssh-user: git
2026-02-16T02:04:05.9463523Z   persist-credentials: true
2026-02-16T02:04:05.9463733Z   clean: true
2026-02-16T02:04:05.9464025Z   sparse-checkout-cone-mode: true
2026-02-16T02:04:05.9464267Z   fetch-depth: 1
2026-02-16T02:04:05.9464460Z   fetch-tags: false
2026-02-16T02:04:05.9464644Z   show-progress: true
2026-02-16T02:04:05.9464836Z   lfs: false
2026-02-16T02:04:05.9465024Z   submodules: false
2026-02-16T02:04:05.9465209Z   set-safe-directory: true
2026-02-16T02:04:05.9465414Z env:
2026-02-16T02:04:05.9465572Z   JULIA_PKG_SERVER: 
2026-02-16T02:04:05.9465758Z ##[endgroup]
2026-02-16T02:04:06.0533108Z Syncing repository: cx-xd/FiniteVolumeMethod.jl
2026-02-16T02:04:06.0535123Z ##[group]Getting Git version info
2026-02-16T02:04:06.0535947Z Working directory is '/home/runner/work/FiniteVolumeMethod.jl/FiniteVolumeMethod.jl'
2026-02-16T02:04:06.0537106Z [command]/usr/bin/git version
2026-02-16T02:04:06.0544748Z git version 2.52.0
2026-02-16T02:04:06.0570764Z ##[endgroup]
2026-02-16T02:04:06.0584293Z Temporarily overriding HOME='/home/runner/work/_temp/65392dac-045a-4fb5-b880-7ddae4bece7f' before making global git config changes
2026-02-16T02:04:06.0596656Z Adding repository directory to the temporary git global config as a safe directory
2026-02-16T02:04:06.0597528Z [command]/usr/bin/git config --global --add safe.directory /home/runner/work/FiniteVolumeMethod.jl/FiniteVolumeMethod.jl
2026-02-16T02:04:06.0636527Z Deleting the contents of '/home/runner/work/FiniteVolumeMethod.jl/FiniteVolumeMethod.jl'
2026-02-16T02:04:06.0639999Z ##[group]Initializing the repository
2026-02-16T02:04:06.0645291Z [command]/usr/bin/git init /home/runner/work/FiniteVolumeMethod.jl/FiniteVolumeMethod.jl
2026-02-16T02:04:06.0736642Z hint: Using 'master' as the name for the initial branch. This default branch name
2026-02-16T02:04:06.0737972Z hint: will change to "main" in Git 3.0. To configure the initial branch name
2026-02-16T02:04:06.0738494Z hint: to use in all of your new repositories, which will suppress this warning,
2026-02-16T02:04:06.0738994Z hint: call:
2026-02-16T02:04:06.0739159Z hint:
2026-02-16T02:04:06.0739406Z hint: 	git config --global init.defaultBranch <name>
2026-02-16T02:04:06.0739960Z hint:
2026-02-16T02:04:06.0740511Z hint: Names commonly chosen instead of 'master' are 'main', 'trunk' and
2026-02-16T02:04:06.0741226Z hint: 'development'. The just-created branch can be renamed via this command:
2026-02-16T02:04:06.0741619Z hint:
2026-02-16T02:04:06.0741959Z hint: 	git branch -m <name>
2026-02-16T02:04:06.0742356Z hint:
2026-02-16T02:04:06.0743127Z hint: Disable this message with "git config set advice.defaultBranchName false"
2026-02-16T02:04:06.0744369Z Initialized empty Git repository in /home/runner/work/FiniteVolumeMethod.jl/FiniteVolumeMethod.jl/.git/
2026-02-16T02:04:06.0755159Z [command]/usr/bin/git remote add origin https://github.com/cx-xd/FiniteVolumeMethod.jl
2026-02-16T02:04:06.0788457Z ##[endgroup]
2026-02-16T02:04:06.0789077Z ##[group]Disabling automatic garbage collection
2026-02-16T02:04:06.0793950Z [command]/usr/bin/git config --local gc.auto 0
2026-02-16T02:04:06.0822469Z ##[endgroup]
2026-02-16T02:04:06.0823318Z ##[group]Setting up auth
2026-02-16T02:04:06.0830321Z [command]/usr/bin/git config --local --name-only --get-regexp core\.sshCommand
2026-02-16T02:04:06.0861952Z [command]/usr/bin/git submodule foreach --recursive sh -c "git config --local --name-only --get-regexp 'core\.sshCommand' && git config --local --unset-all 'core.sshCommand' || :"
2026-02-16T02:04:06.1199754Z [command]/usr/bin/git config --local --name-only --get-regexp http\.https\:\/\/github\.com\/\.extraheader
2026-02-16T02:04:06.1232320Z [command]/usr/bin/git submodule foreach --recursive sh -c "git config --local --name-only --get-regexp 'http\.https\:\/\/github\.com\/\.extraheader' && git config --local --unset-all 'http.https://github.com/.extraheader' || :"
2026-02-16T02:04:06.1461378Z [command]/usr/bin/git config --local --name-only --get-regexp ^includeIf\.gitdir:
2026-02-16T02:04:06.1492713Z [command]/usr/bin/git submodule foreach --recursive git config --local --show-origin --name-only --get-regexp remote.origin.url
2026-02-16T02:04:06.1734183Z [command]/usr/bin/git config --local http.https://github.com/.extraheader AUTHORIZATION: basic ***
2026-02-16T02:04:06.1768275Z ##[endgroup]
2026-02-16T02:04:06.1768941Z ##[group]Fetching the repository
2026-02-16T02:04:06.1778798Z [command]/usr/bin/git -c protocol.version=2 fetch --no-tags --prune --no-recurse-submodules --depth=1 origin +779fd206d892818a1fb83ea9aea34177333f763e:refs/remotes/origin/main
2026-02-16T02:04:08.9107839Z From https://github.com/cx-xd/FiniteVolumeMethod.jl
2026-02-16T02:04:08.9139555Z  * [new ref]         779fd206d892818a1fb83ea9aea34177333f763e -> origin/main
2026-02-16T02:04:08.9141181Z ##[endgroup]
2026-02-16T02:04:08.9141740Z ##[group]Determining the checkout info
2026-02-16T02:04:08.9142969Z ##[endgroup]
2026-02-16T02:04:08.9148160Z [command]/usr/bin/git sparse-checkout disable
2026-02-16T02:04:08.9188122Z [command]/usr/bin/git config --local --unset-all extensions.worktreeConfig
2026-02-16T02:04:08.9214362Z ##[group]Checking out the ref
2026-02-16T02:04:08.9218324Z [command]/usr/bin/git checkout --progress --force -B main refs/remotes/origin/main
2026-02-16T02:04:09.2933992Z Switched to a new branch 'main'
2026-02-16T02:04:09.2934556Z branch 'main' set up to track 'origin/main'.
2026-02-16T02:04:09.2973719Z ##[endgroup]
2026-02-16T02:04:09.3013414Z [command]/usr/bin/git log -1 --format=%H
2026-02-16T02:04:09.3036752Z 779fd206d892818a1fb83ea9aea34177333f763e
2026-02-16T02:04:09.3161627Z ##[group]Run julia-actions/setup-julia@v2
2026-02-16T02:04:09.3161939Z with:
2026-02-16T02:04:09.3162116Z   version: pre
2026-02-16T02:04:09.3162292Z   arch: x64
2026-02-16T02:04:09.3162483Z   include-all-prereleases: false
2026-02-16T02:04:09.3163089Z   show-versioninfo: false
2026-02-16T02:04:09.3163301Z env:
2026-02-16T02:04:09.3163462Z   JULIA_PKG_SERVER: 
2026-02-16T02:04:09.3163660Z ##[endgroup]
2026-02-16T02:04:11.8058635Z [command]/usr/bin/tar xf /home/runner/work/_temp/f5901d3b-50c3-439c-ba9d-779a089ccd39 --strip-components=1 -C /opt/hostedtoolcache/julia/1.13.0-beta2/x64
2026-02-16T02:04:18.2953704Z [command]/opt/hostedtoolcache/julia/1.13.0-beta2/x64/bin/julia --version
2026-02-16T02:04:18.3078788Z julia version 1.13.0-beta2
2026-02-16T02:04:18.3365868Z ##[group]Run julia-actions/cache@v2
2026-02-16T02:04:18.3366163Z with:
2026-02-16T02:04:18.3366397Z   cache-name: julia-cache;workflow=CI;job=test
2026-02-16T02:04:18.3366726Z   include-matrix: true
2026-02-16T02:04:18.3366964Z   cache-artifacts: true
2026-02-16T02:04:18.3367171Z   cache-packages: true
2026-02-16T02:04:18.3367382Z   cache-registries: true
2026-02-16T02:04:18.3367590Z   cache-compiled: true
2026-02-16T02:04:18.3367799Z   cache-scratchspaces: true
2026-02-16T02:04:18.3368019Z   cache-logs: true
2026-02-16T02:04:18.3368214Z   delete-old-caches: true
2026-02-16T02:04:18.3368563Z   token: ***
2026-02-16T02:04:18.3368737Z env:
2026-02-16T02:04:18.3368909Z   JULIA_PKG_SERVER: 
2026-02-16T02:04:18.3369097Z ##[endgroup]
2026-02-16T02:04:18.3495172Z ##[group]Run dcarbone/install-jq-action@f0e10f46ff84f4d32178b4b76e1ef180b16f82c3
2026-02-16T02:04:18.3495577Z with:
2026-02-16T02:04:18.3495746Z   force: false
2026-02-16T02:04:18.3495917Z   version: 1.7.1
2026-02-16T02:04:18.3496111Z env:
2026-02-16T02:04:18.3496267Z   JULIA_PKG_SERVER: 
2026-02-16T02:04:18.3496454Z ##[endgroup]
2026-02-16T02:04:18.3530224Z ##[group]Run _jq_bin="$(which jq)"
2026-02-16T02:04:18.3530497Z [36;1m_jq_bin="$(which jq)"[0m
2026-02-16T02:04:18.3530730Z [36;1mif [ -f "${_jq_bin}" ]; then[0m
2026-02-16T02:04:18.3531018Z [36;1m  echo "found=true" >> $GITHUB_OUTPUT[0m
2026-02-16T02:04:18.3531287Z [36;1melse[0m
2026-02-16T02:04:18.3531491Z [36;1m  echo "found=false" >> $GITHUB_OUTPUT[0m
2026-02-16T02:04:18.3531752Z [36;1mfi[0m
2026-02-16T02:04:18.3575234Z shell: /usr/bin/sh +e {0}
2026-02-16T02:04:18.3575466Z env:
2026-02-16T02:04:18.3575644Z   JULIA_PKG_SERVER: 
2026-02-16T02:04:18.3575837Z ##[endgroup]
2026-02-16T02:04:18.3747249Z ##[group]Run if [ -n "" ]; then
2026-02-16T02:04:18.3747525Z [36;1mif [ -n "" ]; then[0m
2026-02-16T02:04:18.3747747Z [36;1m    depot=""[0m
2026-02-16T02:04:18.3747977Z [36;1melif [ -n "$JULIA_DEPOT_PATH" ]; then[0m
2026-02-16T02:04:18.3748279Z [36;1m    # Use the first depot path[0m
2026-02-16T02:04:18.3748625Z [36;1m    depot=$(echo $JULIA_DEPOT_PATH | cut -d$PATH_DELIMITER -f1)[0m
2026-02-16T02:04:18.3748974Z [36;1melse[0m
2026-02-16T02:04:18.3749154Z [36;1m    depot="~/.julia"[0m
2026-02-16T02:04:18.3749369Z [36;1mfi[0m
2026-02-16T02:04:18.3749605Z [36;1mif [[ "$OSTYPE" == "msys" || "$OSTYPE" == "cygwin" ]]; then[0m
2026-02-16T02:04:18.3749975Z [36;1m  depot="${depot/#\~/$USERPROFILE}"  # Windows paths[0m
2026-02-16T02:04:18.3750382Z [36;1m  depot="${depot//\\//}"             # Replace backslashes with forward slashes[0m
2026-02-16T02:04:18.3750736Z [36;1melse[0m
2026-02-16T02:04:18.3750968Z [36;1m  depot="${depot/#\~/$HOME}"  # Unix-like paths[0m
2026-02-16T02:04:18.3751247Z [36;1mfi[0m
2026-02-16T02:04:18.3751476Z [36;1mecho "depot=$depot" | tee -a "$GITHUB_OUTPUT"[0m
2026-02-16T02:04:18.3751781Z [36;1m[0m
2026-02-16T02:04:18.3751955Z [36;1mcache_paths=()[0m
2026-02-16T02:04:18.3752192Z [36;1martifacts_path="${depot}/artifacts"[0m
2026-02-16T02:04:18.3752704Z [36;1m[ "true" = "true" ] && cache_paths+=("$artifacts_path")[0m
2026-02-16T02:04:18.3753057Z [36;1mpackages_path="${depot}/packages"[0m
2026-02-16T02:04:18.3753361Z [36;1m[ "true" = "true" ] && cache_paths+=("$packages_path")[0m
2026-02-16T02:04:18.3753682Z [36;1mregistries_path="${depot}/registries"[0m
2026-02-16T02:04:18.3753948Z [36;1mif [ "true" = "true" ]; then[0m
2026-02-16T02:04:18.3754218Z [36;1m    if [ ! -d "${registries_path}" ]; then[0m
2026-02-16T02:04:18.3754516Z [36;1m        cache_paths+=("$registries_path")[0m
2026-02-16T02:04:18.3754770Z [36;1m    else[0m
2026-02-16T02:04:18.3755652Z [36;1m        echo "::warning::Julia depot registries already exist. Skipping restoring of cached registries to avoid potential merge conflicts when updating. Please ensure that \`julia-actions/cache\` precedes any workflow steps which add registries."[0m
2026-02-16T02:04:18.3756582Z [36;1m    fi[0m
2026-02-16T02:04:18.3756758Z [36;1mfi[0m
2026-02-16T02:04:18.3757192Z [36;1mcompiled_path="${depot}/compiled"[0m
2026-02-16T02:04:18.3757531Z [36;1m[ "true" = "true" ] && cache_paths+=("$compiled_path")[0m
2026-02-16T02:04:18.3757882Z [36;1mscratchspaces_path="${depot}/scratchspaces"[0m
2026-02-16T02:04:18.3758226Z [36;1m[ "true" = "true" ] && cache_paths+=("$scratchspaces_path")[0m
2026-02-16T02:04:18.3758538Z [36;1mlogs_path="${depot}/logs"[0m
2026-02-16T02:04:18.3758816Z [36;1m[ "true" = "true" ] && cache_paths+=("$logs_path")[0m
2026-02-16T02:04:18.3759082Z [36;1m{[0m
2026-02-16T02:04:18.3759265Z [36;1m    echo "cache-paths<<EOF"[0m
2026-02-16T02:04:18.3759518Z [36;1m    printf "%s\n" "${cache_paths[@]}"[0m
2026-02-16T02:04:18.3759776Z [36;1m    echo "EOF"[0m
2026-02-16T02:04:18.3759981Z [36;1m} | tee -a "$GITHUB_OUTPUT"[0m
2026-02-16T02:04:18.3803063Z shell: /usr/bin/bash --noprofile --norc -e -o pipefail {0}
2026-02-16T02:04:18.3803386Z env:
2026-02-16T02:04:18.3803551Z   JULIA_PKG_SERVER: 
2026-02-16T02:04:18.3803754Z   PATH_DELIMITER: :
2026-02-16T02:04:18.3803955Z ##[endgroup]
2026-02-16T02:04:18.3879551Z depot=/home/runner/.julia
2026-02-16T02:04:18.3895353Z cache-paths<<EOF
2026-02-16T02:04:18.3895728Z /home/runner/.julia/artifacts
2026-02-16T02:04:18.3896133Z /home/runner/.julia/packages
2026-02-16T02:04:18.3896522Z /home/runner/.julia/registries
2026-02-16T02:04:18.3896765Z /home/runner/.julia/compiled
2026-02-16T02:04:18.3897006Z /home/runner/.julia/scratchspaces
2026-02-16T02:04:18.3897237Z /home/runner/.julia/logs
2026-02-16T02:04:18.3897443Z EOF
2026-02-16T02:04:18.3938318Z ##[group]Run # `matrix_key` joins all of matrix keys/values (including nested objects) to ensure that concurrent runs each use a unique cache key.
2026-02-16T02:04:18.3939253Z [36;1m# `matrix_key` joins all of matrix keys/values (including nested objects) to ensure that concurrent runs each use a unique cache key.[0m
2026-02-16T02:04:18.3939890Z [36;1m# When `matrix` isn't set for the job then `MATRIX_JSON=null`.[0m
2026-02-16T02:04:18.3940293Z [36;1mif [ "true" == "true" ] && [ "$MATRIX_JSON" != "null" ]; then[0m
2026-02-16T02:04:18.3940937Z [36;1m  matrix_key=$(echo "$MATRIX_JSON" | jq 'paths(type != "object") as $p | ($p | join("-")) + "=" + (getpath($p) | tostring)' | jq -rs 'join(";") | . + ";"')[0m
2026-02-16T02:04:18.3941494Z [36;1mfi[0m
2026-02-16T02:04:18.3941800Z [36;1mrestore_key="julia-cache;workflow=CI;job=test;os=Linux;${matrix_key}"[0m
2026-02-16T02:04:18.3942199Z [36;1m# URL encode any restricted characters:[0m
2026-02-16T02:04:18.3943116Z [36;1m# https://github.com/actions/toolkit/blob/5430c5d84832076372990c7c27f900878ff66dc9/packages/cache/src/cache.ts#L38-L43[0m
2026-02-16T02:04:18.3943748Z [36;1mrestore_key=$(sed 's/,/%2C/g' <<<"${restore_key}")[0m
2026-02-16T02:04:18.3944128Z [36;1mkey="${restore_key}run_id=22046977833;run_attempt=1"[0m
2026-02-16T02:04:18.3944501Z [36;1mecho "restore-key=${restore_key}" >> $GITHUB_OUTPUT[0m
2026-02-16T02:04:18.3944826Z [36;1mecho "key=${key}" >> $GITHUB_OUTPUT[0m
2026-02-16T02:04:18.3987384Z shell: /usr/bin/bash --noprofile --norc -e -o pipefail {0}
2026-02-16T02:04:18.3987711Z env:
2026-02-16T02:04:18.3987884Z   JULIA_PKG_SERVER: 
2026-02-16T02:04:18.3988195Z   MATRIX_JSON: {
  "version": "pre",
  "os": "ubuntu-latest",
  "arch": "x64"
}
2026-02-16T02:04:18.3988546Z ##[endgroup]
2026-02-16T02:04:18.4141491Z ##[group]Run actions/cache@5a3ec84eff668545956fd18022155c47e93e2684
2026-02-16T02:04:18.4141821Z with:
2026-02-16T02:04:18.4142488Z   path: /home/runner/.julia/artifacts
/home/runner/.julia/packages
/home/runner/.julia/registries
/home/runner/.julia/compiled
/home/runner/.julia/scratchspaces
/home/runner/.julia/logs

2026-02-16T02:04:18.4143726Z   key: julia-cache;workflow=CI;job=test;os=Linux;version=pre;os=ubuntu-latest;arch=x64;run_id=22046977833;run_attempt=1
2026-02-16T02:04:18.4144387Z   restore-keys: julia-cache;workflow=CI;job=test;os=Linux;version=pre;os=ubuntu-latest;arch=x64;
2026-02-16T02:04:18.4144827Z   enableCrossOsArchive: false
2026-02-16T02:04:18.4145223Z   fail-on-cache-miss: false
2026-02-16T02:04:18.4145448Z   lookup-only: false
2026-02-16T02:04:18.4145637Z   save-always: false
2026-02-16T02:04:18.4145821Z env:
2026-02-16T02:04:18.4145982Z   JULIA_PKG_SERVER: 
2026-02-16T02:04:18.4146163Z ##[endgroup]
2026-02-16T02:04:18.7846303Z Cache not found for input keys: julia-cache;workflow=CI;job=test;os=Linux;version=pre;os=ubuntu-latest;arch=x64;run_id=22046977833;run_attempt=1, julia-cache;workflow=CI;job=test;os=Linux;version=pre;os=ubuntu-latest;arch=x64;
2026-02-16T02:04:18.7908063Z ##[group]Run mkdir -p /home/runner/.julia
2026-02-16T02:04:18.7908355Z [36;1mmkdir -p /home/runner/.julia[0m
2026-02-16T02:04:18.7908633Z [36;1mdu -shc /home/runner/.julia/* || true[0m
2026-02-16T02:04:18.7956847Z shell: /usr/bin/bash --noprofile --norc -e -o pipefail {0}
2026-02-16T02:04:18.7957172Z env:
2026-02-16T02:04:18.7957337Z   JULIA_PKG_SERVER: 
2026-02-16T02:04:18.7957540Z ##[endgroup]
2026-02-16T02:04:18.8108705Z du: cannot access '/home/runner/.julia/*': No such file or directory
2026-02-16T02:04:18.8109345Z 0	total
2026-02-16T02:04:18.8132068Z ##[group]Run if [ -d "/home/runner/.julia/registries" ] && [ -n "$(ls -A "/home/runner/.julia/registries")" ]; then
2026-02-16T02:04:18.8133756Z [36;1mif [ -d "/home/runner/.julia/registries" ] && [ -n "$(ls -A "/home/runner/.julia/registries")" ]; then[0m
2026-02-16T02:04:18.8134346Z [36;1m  echo "Registries directory exists and is non-empty. Updating any registries"[0m
2026-02-16T02:04:18.8134881Z [36;1m  julia -e "import Pkg; isdefined(Pkg, :Registry) && Pkg.Registry.update();"[0m
2026-02-16T02:04:18.8135261Z [36;1melse[0m
2026-02-16T02:04:18.8135601Z [36;1m  echo "Registries directory does not exist or is empty. Skipping registry update"[0m
2026-02-16T02:04:18.8136003Z [36;1mfi[0m
2026-02-16T02:04:18.8180053Z shell: /usr/bin/bash --noprofile --norc -e -o pipefail {0}
2026-02-16T02:04:18.8180367Z env:
2026-02-16T02:04:18.8180528Z   JULIA_PKG_SERVER: 
2026-02-16T02:04:18.8180726Z ##[endgroup]
2026-02-16T02:04:18.8246309Z Registries directory does not exist or is empty. Skipping registry update
2026-02-16T02:04:18.8280022Z ##[group]Run echo "cache-hit=$CACHE_HIT" >> $GITHUB_OUTPUT
2026-02-16T02:04:18.8280416Z [36;1mecho "cache-hit=$CACHE_HIT" >> $GITHUB_OUTPUT[0m
2026-02-16T02:04:18.8323480Z shell: /usr/bin/bash --noprofile --norc -e -o pipefail {0}
2026-02-16T02:04:18.8323791Z env:
2026-02-16T02:04:18.8323957Z   JULIA_PKG_SERVER: 
2026-02-16T02:04:18.8324138Z   CACHE_HIT: 
2026-02-16T02:04:18.8324296Z ##[endgroup]
2026-02-16T02:04:18.8449329Z ##[group]Run julia-actions/julia-buildpkg@v1
2026-02-16T02:04:18.8449614Z with:
2026-02-16T02:04:18.8449783Z   project: @.
2026-02-16T02:04:18.8449964Z   precompile: no
2026-02-16T02:04:18.8450132Z   git_cli: false
2026-02-16T02:04:18.8450311Z   ignore-no-cache: false
2026-02-16T02:04:18.8450498Z env:
2026-02-16T02:04:18.8450662Z   JULIA_PKG_SERVER: 
2026-02-16T02:04:18.8450843Z ##[endgroup]
2026-02-16T02:04:18.8465091Z ##[group]Run echo "JULIA_PKG_SERVER_REGISTRY_PREFERENCE=${JULIA_PKG_SERVER_REGISTRY_PREFERENCE:-eager}" >> ${GITHUB_ENV}
2026-02-16T02:04:18.8465838Z [36;1mecho "JULIA_PKG_SERVER_REGISTRY_PREFERENCE=${JULIA_PKG_SERVER_REGISTRY_PREFERENCE:-eager}" >> ${GITHUB_ENV}[0m
2026-02-16T02:04:18.8508667Z shell: /usr/bin/bash --noprofile --norc -e -o pipefail {0}
2026-02-16T02:04:18.8508974Z env:
2026-02-16T02:04:18.8509139Z   JULIA_PKG_SERVER: 
2026-02-16T02:04:18.8509335Z ##[endgroup]
2026-02-16T02:04:18.8592018Z ##[group]Run if "false" == "false" && !isdir(DEPOT_PATH[1])
2026-02-16T02:04:18.8592421Z [36;1mif "false" == "false" && !isdir(DEPOT_PATH[1])[0m
2026-02-16T02:04:18.8593658Z [36;1m    println("::notice title=[julia-buildpkg] Caching of the julia depot was not detected ::Consider using `julia-actions/cache` to speed up runs https://github.com/julia-actions/cache To ignore, set input `ignore-no-cache: true` ")[0m
2026-02-16T02:04:18.8594570Z [36;1mend[0m
2026-02-16T02:04:18.8594749Z [36;1mimport Pkg[0m
2026-02-16T02:04:18.8594929Z [36;1m[0m
2026-02-16T02:04:18.8595192Z [36;1m# Determine if Pkg uses git-cli executable instead of LibGit2[0m
2026-02-16T02:04:18.8595609Z [36;1mVERSION >= v"1.7-" && (ENV["JULIA_PKG_USE_CLI_GIT"] = false)[0m
2026-02-16T02:04:18.8595918Z [36;1m[0m
2026-02-16T02:04:18.8596104Z [36;1mif VERSION < v"1.7-" && false == true[0m
2026-02-16T02:04:18.8596677Z [36;1m  printstyled("::notice::JULIA_PKG_USE_CLI_GIT requires Julia >= 1.7. Using default LibGit2 git-interface instead! \n"; color = :yellow)[0m
2026-02-16T02:04:18.8597256Z [36;1mend[0m
2026-02-16T02:04:18.8597421Z [36;1m[0m
2026-02-16T02:04:18.8597575Z [36;1m[0m
2026-02-16T02:04:18.8597740Z [36;1mif VERSION >= v"1.5-"[0m
2026-02-16T02:04:18.8597968Z [36;1m    if VERSION >= v"1.8-"[0m
2026-02-16T02:04:18.8598231Z [36;1m        # Install the default registries[0m
2026-02-16T02:04:18.8598513Z [36;1m        Pkg.Registry.add()[0m
2026-02-16T02:04:18.8598743Z [36;1m    else[0m
2026-02-16T02:04:18.8598943Z [36;1m        Pkg.Registry.add("General")[0m
2026-02-16T02:04:18.8599191Z [36;1m    end[0m
2026-02-16T02:04:18.8599357Z [36;1m[0m
2026-02-16T02:04:18.8599544Z [36;1m    # If provided add local registries[0m
2026-02-16T02:04:18.8599979Z [36;1m    if !isempty("")[0m
2026-02-16T02:04:18.8600244Z [36;1m      local_repos = split("", "\n") .|> string[0m
2026-02-16T02:04:18.8600545Z [36;1m      for repo_url in local_repos[0m
2026-02-16T02:04:18.8600808Z [36;1m        isempty(repo_url) && continue[0m
2026-02-16T02:04:18.8601147Z [36;1m        Pkg.Registry.add(Pkg.RegistrySpec(; url = repo_url))[0m
2026-02-16T02:04:18.8601454Z [36;1m      end[0m
2026-02-16T02:04:18.8601630Z [36;1m    end[0m
2026-02-16T02:04:18.8601791Z [36;1mend[0m
2026-02-16T02:04:18.8601950Z [36;1m[0m
2026-02-16T02:04:18.8602238Z [36;1mVERSION >= v"1.1.0-rc1" ? retry(Pkg.build)(verbose=true) : retry(Pkg.build)()[0m
2026-02-16T02:04:18.8603772Z shell: /opt/hostedtoolcache/julia/1.13.0-beta2/x64/bin/julia --color=yes --project=@. {0}
2026-02-16T02:04:18.8604173Z env:
2026-02-16T02:04:18.8604331Z   JULIA_PKG_SERVER: 
2026-02-16T02:04:18.8604551Z   JULIA_PKG_SERVER_REGISTRY_PREFERENCE: eager
2026-02-16T02:04:18.8604821Z   JULIA_PKG_PRECOMPILE_AUTO: no
2026-02-16T02:04:18.8605372Z   GITHUB_TOKEN: ***
2026-02-16T02:04:18.8605568Z ##[endgroup]
2026-02-16T02:04:19.3933330Z [32m[1m  Installing[22m[39m known registries into `~/.julia`
2026-02-16T02:04:19.4049769Z [32m[1m     Cloning[22m[39m registry from "https://github.com/JuliaRegistries/General.git"
2026-02-16T02:04:29.8096466Z [32m[1m       Added[22m[39m registry `General` to `~/.julia/registries/General`
2026-02-16T02:04:32.6647812Z [32m[1m   Installed[22m[39m OpenBLASConsistentFPCSR_jll ─ v0.3.30+0
2026-02-16T02:04:32.6652950Z [32m[1m   Installed[22m[39m CompositionsBase ──────────── v0.1.2
2026-02-16T02:04:32.6780052Z [32m[1m   Installed[22m[39m Adapt ─────────────────────── v4.4.0
2026-02-16T02:04:32.6942388Z [32m[1m   Installed[22m[39m ConstructionBase ──────────── v1.6.0
2026-02-16T02:04:32.6947010Z [32m[1m   Installed[22m[39m MacroTools ────────────────── v0.5.16
2026-02-16T02:04:32.6999569Z [32m[1m   Installed[22m[39m CommonSolve ───────────────── v0.2.6
2026-02-16T02:04:32.7001968Z [32m[1m   Installed[22m[39m RuntimeGeneratedFunctions ─── v0.5.17
2026-02-16T02:04:32.7051058Z [32m[1m   Installed[22m[39m ChunkSplitters ────────────── v2.6.0
2026-02-16T02:04:32.9016735Z [32m[1m   Installed[22m[39m IteratorInterfaceExtensions ─ v1.0.0
2026-02-16T02:04:32.9186956Z [32m[1m   Installed[22m[39m PrecompileTools ───────────── v1.3.3
2026-02-16T02:04:32.9985569Z [32m[1m   Installed[22m[39m ExprTools ─────────────────── v0.1.10
2026-02-16T02:04:32.9989370Z [32m[1m   Installed[22m[39m ArrayInterface ────────────── v7.22.0
2026-02-16T02:04:33.0007080Z [32m[1m   Installed[22m[39m RecipesBase ───────────────── v1.3.4
2026-02-16T02:04:33.0427300Z [32m[1m   Installed[22m[39m SymbolicIndexingInterface ─── v0.3.46
2026-02-16T02:04:33.0581583Z [32m[1m   Installed[22m[39m PreallocationTools ────────── v0.4.34
2026-02-16T02:04:33.0584129Z [32m[1m   Installed[22m[39m SciMLOperators ────────────── v1.15.1
2026-02-16T02:04:33.1050696Z [32m[1m   Installed[22m[39m Statistics ────────────────── v1.11.1
2026-02-16T02:04:33.2458958Z [32m[1m   Installed[22m[39m LoggingExtras ─────────────── v1.2.0
2026-02-16T02:04:33.3281957Z [32m[1m   Installed[22m[39m ExproniconLite ────────────── v0.10.14
2026-02-16T02:04:33.3919273Z [32m[1m   Installed[22m[39m SciMLStructures ───────────── v1.10.0
2026-02-16T02:04:33.3966540Z [32m[1m   Installed[22m[39m GPUArraysCore ─────────────── v0.2.0
2026-02-16T02:04:33.3971636Z [32m[1m   Installed[22m[39m StaticArraysCore ──────────── v1.4.4
2026-02-16T02:04:33.3976067Z [32m[1m   Installed[22m[39m FunctionWrappersWrappers ──── v0.1.3
2026-02-16T02:04:33.4320450Z [32m[1m   Installed[22m[39m StaticArrays ──────────────── v1.9.16
2026-02-16T02:04:33.4389727Z [32m[1m   Installed[22m[39m SciMLPublic ───────────────── v1.0.1
2026-02-16T02:04:33.5833245Z [32m[1m   Installed[22m[39m RoundingEmulator ──────────── v0.2.1
2026-02-16T02:04:33.6093443Z [32m[1m   Installed[22m[39m Requires ──────────────────── v1.3.1
2026-02-16T02:04:33.7274862Z [32m[1m   Installed[22m[39m FunctionWrappers ──────────── v1.1.3
2026-02-16T02:04:33.7349176Z [32m[1m   Installed[22m[39m SciMLLogging ──────────────── v1.8.0
2026-02-16T02:04:33.7795817Z [32m[1m   Installed[22m[39m EnumX ─────────────────────── v1.0.6
2026-02-16T02:04:33.7806281Z [32m[1m   Installed[22m[39m AdaptivePredicates ────────── v1.2.0
2026-02-16T02:04:33.7820261Z [32m[1m   Installed[22m[39m SciMLBase ─────────────────── v2.138.1
2026-02-16T02:04:33.8073398Z [32m[1m   Installed[22m[39m IntervalArithmetic ────────── v1.0.2
2026-02-16T02:04:33.8883854Z [32m[1m   Installed[22m[39m Jieko ─────────────────────── v0.2.1
2026-02-16T02:04:33.8988056Z [32m[1m   Installed[22m[39m InverseFunctions ──────────── v0.1.17
2026-02-16T02:04:33.9278586Z [32m[1m   Installed[22m[39m Preferences ───────────────── v1.5.1
2026-02-16T02:04:34.0329752Z [32m[1m   Installed[22m[39m JLLWrappers ───────────────── v1.7.1
2026-02-16T02:04:34.0726000Z [32m[1m   Installed[22m[39m Reexport ──────────────────── v1.2.2
2026-02-16T02:04:34.0952256Z [32m[1m   Installed[22m[39m TestItems ─────────────────── v1.0.0
2026-02-16T02:04:34.1365422Z [32m[1m   Installed[22m[39m Moshi ─────────────────────── v0.3.7
2026-02-16T02:04:34.1704945Z [32m[1m   Installed[22m[39m CRlibm_jll ────────────────── v1.0.1+0
2026-02-16T02:04:34.2228051Z [32m[1m   Installed[22m[39m ExactPredicates ───────────── v2.2.9
2026-02-16T02:04:34.2751459Z [32m[1m   Installed[22m[39m DocStringExtensions ───────── v0.9.5
2026-02-16T02:04:34.4884836Z [32m[1m   Installed[22m[39m RecursiveArrayTools ───────── v3.48.0
2026-02-16T02:04:34.4929895Z [32m[1m   Installed[22m[39m ADTypes ───────────────────── v1.21.0
2026-02-16T02:04:34.4933265Z [32m[1m   Installed[22m[39m CRlibm ────────────────────── v1.0.2
2026-02-16T02:04:34.6410025Z [32m[1m   Installed[22m[39m Accessors ─────────────────── v0.1.43
2026-02-16T02:04:39.8906721Z [32m[1m   Installed[22m[39m DelaunayTriangulation ─────── v1.6.6
2026-02-16T02:04:40.1924158Z [32m[1m  Installing[22m[39m 2 artifacts
2026-02-16T02:04:41.2917865Z [32m[1m   Installed[22m[39m artifact CRlibm                  170.1 KiB
2026-02-16T02:04:41.7473452Z [32m[1m   Installed[22m[39m artifact OpenBLASConsistentFPCSR 9.9 MiB
2026-02-16T02:04:42.0054922Z [32m[1m    Updating[22m[39m `~/work/FiniteVolumeMethod.jl/FiniteVolumeMethod.jl/Project.toml`
2026-02-16T02:04:42.0060783Z [33m⌅[39m [90m[ae650224] [39m[92m+ ChunkSplitters v2.6.0[39m
2026-02-16T02:04:42.0061698Z   [90m[38540f10] [39m[92m+ CommonSolve v0.2.6[39m
2026-02-16T02:04:42.0062807Z   [90m[927a84f5] [39m[92m+ DelaunayTriangulation v1.6.6[39m
2026-02-16T02:04:42.0063907Z [33m⌅[39m [90m[d236fae5] [39m[92m+ PreallocationTools v0.4.34[39m
2026-02-16T02:04:42.0064884Z   [90m[aea7be01] [39m[92m+ PrecompileTools v1.3.3[39m
2026-02-16T02:04:42.0065561Z   [90m[0bca4576] [39m[92m+ SciMLBase v2.138.1[39m
2026-02-16T02:04:42.0066575Z   [90m[90137ffa] [39m[92m+ StaticArrays v1.9.16[39m
2026-02-16T02:04:42.0070349Z   [90m[37e2e46d] [39m[93m~ LinearAlgebra ⇒ v1.13.0[39m
2026-02-16T02:04:42.0071194Z   [90m[2f01184e] [39m[93m~ SparseArrays ⇒ v1.13.0[39m
2026-02-16T02:04:42.0073563Z [32m[1m    Updating[22m[39m `~/work/FiniteVolumeMethod.jl/FiniteVolumeMethod.jl/Manifest.toml`
2026-02-16T02:04:42.0188503Z   [90m[47edcb42] [39m[92m+ ADTypes v1.21.0[39m
2026-02-16T02:04:42.0189396Z   [90m[7d9f7c33] [39m[92m+ Accessors v0.1.43[39m
2026-02-16T02:04:42.0190043Z   [90m[79e6a3ab] [39m[92m+ Adapt v4.4.0[39m
2026-02-16T02:04:42.0190711Z   [90m[35492f91] [39m[92m+ AdaptivePredicates v1.2.0[39m
2026-02-16T02:04:42.0191411Z   [90m[4fba245c] [39m[92m+ ArrayInterface v7.22.0[39m
2026-02-16T02:04:42.0192019Z   [90m[96374032] [39m[92m+ CRlibm v1.0.2[39m
2026-02-16T02:04:42.0192952Z [33m⌅[39m [90m[ae650224] [39m[92m+ ChunkSplitters v2.6.0[39m
2026-02-16T02:04:42.0193695Z   [90m[38540f10] [39m[92m+ CommonSolve v0.2.6[39m
2026-02-16T02:04:42.0194394Z   [90m[a33af91c] [39m[92m+ CompositionsBase v0.1.2[39m
2026-02-16T02:04:42.0195089Z   [90m[187b0558] [39m[92m+ ConstructionBase v1.6.0[39m
2026-02-16T02:04:42.0195810Z   [90m[927a84f5] [39m[92m+ DelaunayTriangulation v1.6.6[39m
2026-02-16T02:04:42.0196877Z   [90m[ffbed154] [39m[92m+ DocStringExtensions v0.9.5[39m
2026-02-16T02:04:42.0197588Z   [90m[4e289a0a] [39m[92m+ EnumX v1.0.6[39m
2026-02-16T02:04:42.0198247Z   [90m[429591f6] [39m[92m+ ExactPredicates v2.2.9[39m
2026-02-16T02:04:42.0198919Z   [90m[e2ba6199] [39m[92m+ ExprTools v0.1.10[39m
2026-02-16T02:04:42.0199586Z   [90m[55351af7] [39m[92m+ ExproniconLite v0.10.14[39m
2026-02-16T02:04:42.0200269Z   [90m[069b7b12] [39m[92m+ FunctionWrappers v1.1.3[39m
2026-02-16T02:04:42.0201030Z   [90m[77dc65aa] [39m[92m+ FunctionWrappersWrappers v0.1.3[39m
2026-02-16T02:04:42.0201790Z   [90m[46192b85] [39m[92m+ GPUArraysCore v0.2.0[39m
2026-02-16T02:04:42.0202486Z   [90m[d1acc4aa] [39m[92m+ IntervalArithmetic v1.0.2[39m
2026-02-16T02:04:42.0203400Z   [90m[3587e190] [39m[92m+ InverseFunctions v0.1.17[39m
2026-02-16T02:04:42.0204159Z   [90m[82899510] [39m[92m+ IteratorInterfaceExtensions v1.0.0[39m
2026-02-16T02:04:42.0204887Z   [90m[692b3bcd] [39m[92m+ JLLWrappers v1.7.1[39m
2026-02-16T02:04:42.0205502Z   [90m[ae98c720] [39m[92m+ Jieko v0.2.1[39m
2026-02-16T02:04:42.0206113Z   [90m[e6f89c97] [39m[92m+ LoggingExtras v1.2.0[39m
2026-02-16T02:04:42.0206737Z   [90m[1914dd2f] [39m[92m+ MacroTools v0.5.16[39m
2026-02-16T02:04:42.0207340Z   [90m[2e0e35c7] [39m[92m+ Moshi v0.3.7[39m
2026-02-16T02:04:42.0208080Z [33m⌅[39m [90m[d236fae5] [39m[92m+ PreallocationTools v0.4.34[39m
2026-02-16T02:04:42.0208850Z   [90m[aea7be01] [39m[92m+ PrecompileTools v1.3.3[39m
2026-02-16T02:04:42.0209512Z   [90m[21216c6a] [39m[92m+ Preferences v1.5.1[39m
2026-02-16T02:04:42.0210150Z   [90m[3cdcf5f2] [39m[92m+ RecipesBase v1.3.4[39m
2026-02-16T02:04:42.0210834Z   [90m[731186ca] [39m[92m+ RecursiveArrayTools v3.48.0[39m
2026-02-16T02:04:42.0211500Z   [90m[189a3867] [39m[92m+ Reexport v1.2.2[39m
2026-02-16T02:04:42.0212094Z   [90m[ae029012] [39m[92m+ Requires v1.3.1[39m
2026-02-16T02:04:42.0212927Z   [90m[5eaf0fd0] [39m[92m+ RoundingEmulator v0.2.1[39m
2026-02-16T02:04:42.0213695Z   [90m[7e49a35a] [39m[92m+ RuntimeGeneratedFunctions v0.5.17[39m
2026-02-16T02:04:42.0214431Z   [90m[0bca4576] [39m[92m+ SciMLBase v2.138.1[39m
2026-02-16T02:04:42.0215056Z   [90m[a6db7da4] [39m[92m+ SciMLLogging v1.8.0[39m
2026-02-16T02:04:42.0215695Z   [90m[c0aeaf25] [39m[92m+ SciMLOperators v1.15.1[39m
2026-02-16T02:04:42.0216366Z   [90m[431bcebd] [39m[92m+ SciMLPublic v1.0.1[39m
2026-02-16T02:04:42.0217028Z   [90m[53ae85a6] [39m[92m+ SciMLStructures v1.10.0[39m
2026-02-16T02:04:42.0217689Z   [90m[90137ffa] [39m[92m+ StaticArrays v1.9.16[39m
2026-02-16T02:04:42.0218346Z   [90m[1e83bf80] [39m[92m+ StaticArraysCore v1.4.4[39m
2026-02-16T02:04:42.0219289Z   [90m[10745b16] [39m[92m+ Statistics v1.11.1[39m
2026-02-16T02:04:42.0220008Z   [90m[2efcf032] [39m[92m+ SymbolicIndexingInterface v0.3.46[39m
2026-02-16T02:04:42.0220709Z   [90m[1c621080] [39m[92m+ TestItems v1.0.0[39m
2026-02-16T02:04:42.0221331Z   [90m[4e9b3aee] [39m[92m+ CRlibm_jll v1.0.1+0[39m
2026-02-16T02:04:42.0222067Z   [90m[6cdc7f73] [39m[92m+ OpenBLASConsistentFPCSR_jll v0.3.30+0[39m
2026-02-16T02:04:42.0222998Z   [90m[0dad84c5] [39m[92m+ ArgTools v1.1.2[39m
2026-02-16T02:04:42.0223631Z   [90m[56f22d72] [39m[92m+ Artifacts v1.11.0[39m
2026-02-16T02:04:42.0224251Z   [90m[2a0f44e3] [39m[92m+ Base64 v1.11.0[39m
2026-02-16T02:04:42.0224892Z   [90m[ade2ca70] [39m[92m+ Dates v1.11.0[39m
2026-02-16T02:04:42.0225431Z   [90m[8ba89e20] [39m[92m+ Distributed v1.11.0[39m
2026-02-16T02:04:42.0225929Z   [90m[f43a241f] [39m[92m+ Downloads v1.7.0[39m
2026-02-16T02:04:42.0226431Z   [90m[7b1f6079] [39m[92m+ FileWatching v1.11.0[39m
2026-02-16T02:04:42.0227040Z   [90m[ac6e5ff7] [39m[92m+ JuliaSyntaxHighlighting v1.12.0[39m
2026-02-16T02:04:42.0227626Z   [90m[b27032c2] [39m[92m+ LibCURL v1.0.0[39m
2026-02-16T02:04:42.0228097Z   [90m[76f85450] [39m[92m+ LibGit2 v1.11.0[39m
2026-02-16T02:04:42.0332218Z   [90m[8f399da3] [39m[92m+ Libdl v1.11.0[39m
2026-02-16T02:04:42.0334687Z   [90m[37e2e46d] [39m[93m~ LinearAlgebra ⇒ v1.13.0[39m
2026-02-16T02:04:42.0336227Z   [90m[56ddb016] [39m[92m+ Logging v1.11.0[39m
2026-02-16T02:04:42.0338722Z   [90m[d6f4376e] [39m[92m+ Markdown v1.11.0[39m
2026-02-16T02:04:42.0340562Z   [90m[ca575930] [39m[92m+ NetworkOptions v1.3.0[39m
2026-02-16T02:04:42.0343034Z   [90m[44cfe95a] [39m[92m+ Pkg v1.13.0[39m
2026-02-16T02:04:42.0345100Z   [90m[de0858da] [39m[92m+ Printf v1.11.0[39m
2026-02-16T02:04:42.0347699Z   [90m[9a3f8284] [39m[92m+ Random v1.11.0[39m
2026-02-16T02:04:42.0350100Z   [90m[ea8e919c] [39m[92m+ SHA v1.0.0[39m
2026-02-16T02:04:42.0350745Z   [90m[9e88b42a] [39m[92m+ Serialization v1.11.0[39m
2026-02-16T02:04:42.0352471Z   [90m[6462fe0b] [39m[92m+ Sockets v1.11.0[39m
2026-02-16T02:04:42.0353363Z   [90m[2f01184e] [39m[93m~ SparseArrays ⇒ v1.13.0[39m
2026-02-16T02:04:42.0355077Z   [90m[f489334b] [39m[92m+ StyledStrings v1.11.0[39m
2026-02-16T02:04:42.0357479Z   [90m[fa267f1f] [39m[92m+ TOML v1.0.3[39m
2026-02-16T02:04:42.0359444Z   [90m[a4e569a6] [39m[92m+ Tar v1.10.0[39m
2026-02-16T02:04:42.0361676Z   [90m[cf7118a7] [39m[92m+ UUIDs v1.11.0[39m
2026-02-16T02:04:42.0362294Z   [90m[4ec0a83e] [39m[92m+ Unicode v1.11.0[39m
2026-02-16T02:04:42.0364968Z   [90m[e66e0078] [39m[92m+ CompilerSupportLibraries_jll v1.3.0+1[39m
2026-02-16T02:04:42.0366738Z   [90m[deac9b47] [39m[92m+ LibCURL_jll v8.16.0+0[39m
2026-02-16T02:04:42.0369312Z   [90m[e37daf67] [39m[92m+ LibGit2_jll v1.9.1+0[39m
2026-02-16T02:04:42.0371015Z   [90m[29816b5a] [39m[92m+ LibSSH2_jll v1.11.3+1[39m
2026-02-16T02:04:42.0373713Z   [90m[14a3606d] [39m[92m+ MozillaCACerts_jll v2025.12.2[39m
2026-02-16T02:04:42.0375960Z   [90m[4536629a] [39m[92m+ OpenBLAS_jll v0.3.30+0[39m
2026-02-16T02:04:42.0378055Z   [90m[458c3c95] [39m[92m+ OpenSSL_jll v3.5.5+0[39m
2026-02-16T02:04:42.0380150Z   [90m[efcefdf7] [39m[92m+ PCRE2_jll v10.46.0+0[39m
2026-02-16T02:04:42.0380872Z   [90m[bea87d4a] [39m[92m+ SuiteSparse_jll v7.10.1+0[39m
2026-02-16T02:04:42.0382446Z   [90m[83775a58] [39m[92m+ Zlib_jll v1.3.1+2[39m
2026-02-16T02:04:42.0384940Z   [90m[3161d3a3] [39m[92m+ Zstd_jll v1.5.7+1[39m
2026-02-16T02:04:42.0387583Z   [90m[8e850b90] [39m[92m+ libblastrampoline_jll v5.15.0+0[39m
2026-02-16T02:04:42.0389411Z   [90m[8e850ede] [39m[92m+ nghttp2_jll v1.67.1+0[39m
2026-02-16T02:04:42.0391643Z   [90m[3f19e933] [39m[92m+ p7zip_jll v17.7.0+0[39m
2026-02-16T02:04:42.0393379Z [36m[1m        Info[22m[39m Packages marked with [33m⌅[39m have new versions available but compatibility constraints restrict them from upgrading. To see why use `status --outdated -m`
2026-02-16T02:04:42.2566518Z ##[group]Run julia-actions/julia-runtest@v1
2026-02-16T02:04:42.2566814Z with:
2026-02-16T02:04:42.2566981Z   check_bounds: yes
2026-02-16T02:04:42.2567166Z   coverage: true
2026-02-16T02:04:42.2567341Z   depwarn: yes
2026-02-16T02:04:42.2567532Z   force_latest_compatible_version: auto
2026-02-16T02:04:42.2567767Z   inline: yes
2026-02-16T02:04:42.2567934Z   project: @.
2026-02-16T02:04:42.2568104Z   annotate: false
2026-02-16T02:04:42.2568283Z   compiled_modules: yes
2026-02-16T02:04:42.2568484Z   allow_reresolve: true
2026-02-16T02:04:42.2568662Z env:
2026-02-16T02:04:42.2568819Z   JULIA_PKG_SERVER: 
2026-02-16T02:04:42.2569029Z   JULIA_PKG_SERVER_REGISTRY_PREFERENCE: eager
2026-02-16T02:04:42.2569303Z   JULIA_REFERENCETESTS_UPDATE: true
2026-02-16T02:04:42.2569539Z ##[endgroup]
2026-02-16T02:04:42.2583325Z ##[group]Run echo "JULIA_PKG_SERVER_REGISTRY_PREFERENCE=${JULIA_PKG_SERVER_REGISTRY_PREFERENCE:-eager}" >> ${GITHUB_ENV}
2026-02-16T02:04:42.2584123Z [36;1mecho "JULIA_PKG_SERVER_REGISTRY_PREFERENCE=${JULIA_PKG_SERVER_REGISTRY_PREFERENCE:-eager}" >> ${GITHUB_ENV}[0m
2026-02-16T02:04:42.2631926Z shell: /usr/bin/bash --noprofile --norc -e -o pipefail {0}
2026-02-16T02:04:42.2632234Z env:
2026-02-16T02:04:42.2632400Z   JULIA_PKG_SERVER: 
2026-02-16T02:04:42.2632761Z   JULIA_PKG_SERVER_REGISTRY_PREFERENCE: eager
2026-02-16T02:04:42.2633055Z   JULIA_REFERENCETESTS_UPDATE: true
2026-02-16T02:04:42.2633287Z ##[endgroup]
2026-02-16T02:04:42.2735325Z ##[group]Run # The Julia command that will be executed
2026-02-16T02:04:42.2735672Z [36;1m# The Julia command that will be executed[0m
2026-02-16T02:04:42.2736285Z [36;1mjulia_cmd=( julia --color=yes --inline=yes --project=@. -e 'include(joinpath(ENV["GITHUB_ACTION_PATH"], "test_harness.jl"))' --  )[0m
2026-02-16T02:04:42.2736833Z [36;1m[0m
2026-02-16T02:04:42.2737086Z [36;1m# Add the prefix in front of the command if there is one[0m
2026-02-16T02:04:42.2737402Z [36;1mprefix=(  )[0m
2026-02-16T02:04:42.2737685Z [36;1m[[ -n ${prefix[*]} ]] && julia_cmd=( "${prefix[@]}" "${julia_cmd[@]}" )[0m
2026-02-16T02:04:42.2738018Z [36;1m[0m
2026-02-16T02:04:42.2738189Z [36;1m# Run the Julia command[0m
2026-02-16T02:04:42.2738470Z [36;1mecho "::debug::Executing Julia: ${julia_cmd[*]}"[0m
2026-02-16T02:04:42.2738759Z [36;1m"${julia_cmd[@]}"[0m
2026-02-16T02:04:42.2781382Z shell: /usr/bin/bash --noprofile --norc -e -o pipefail {0}
2026-02-16T02:04:42.2781697Z env:
2026-02-16T02:04:42.2781866Z   JULIA_PKG_SERVER: 
2026-02-16T02:04:42.2782097Z   JULIA_PKG_SERVER_REGISTRY_PREFERENCE: eager
2026-02-16T02:04:42.2782376Z   JULIA_REFERENCETESTS_UPDATE: true
2026-02-16T02:04:42.2782781Z   ANNOTATE: false
2026-02-16T02:04:42.2782964Z   COVERAGE: true
2026-02-16T02:04:42.2783154Z   FORCE_LATEST_COMPATIBLE_VERSION: auto
2026-02-16T02:04:42.2783401Z   CHECK_BOUNDS: yes
2026-02-16T02:04:42.2783576Z   COMPILED_MODULES: yes
2026-02-16T02:04:42.2783777Z   ALLOW_RERESOLVE: true
2026-02-16T02:04:42.2783958Z   DEPWARN: yes
2026-02-16T02:04:42.2784140Z ##[endgroup]
2026-02-16T02:04:43.3118647Z │
2026-02-16T02:04:43.3119439Z │ To reproduce this CI run locally run the following from the same repository state on julia version 1.13.0-beta2:
2026-02-16T02:04:43.3120148Z │
2026-02-16T02:04:43.3121172Z │ `import Pkg; Pkg.test(;coverage=true, julia_args=["--check-bounds=yes", "--compiled-modules=yes", "--depwarn=yes"], force_latest_compatible_version=false, allow_reresolve=true)`
2026-02-16T02:04:43.3122173Z │
2026-02-16T02:04:44.3628185Z [32m[1m     Testing[22m[39m FiniteVolumeMethod
2026-02-16T02:04:46.0306861Z [33m[1m        Test[22m[39m Could not use exact versions of packages in manifest, re-resolving. Note: if you do not check your manifest file into source control, then you can probably ignore this message. However, if you do check your manifest file into source control, then you probably want to pass the `allow_reresolve = false` kwarg when calling the `Pkg.test` function.
2026-02-16T02:04:48.2277153Z [91m[1mERROR: [22m[39mLoadError: Unsatisfiable requirements detected for package [38;5;1mJET [c3a54625][39m:
2026-02-16T02:04:48.2278391Z  [38;5;1mJET [c3a54625][39m log:
2026-02-16T02:04:48.2279099Z  ├─possible versions are: [38;5;1m0.0.1 - 0.11.3[39m or uninstalled
2026-02-16T02:04:48.2280418Z  ├─restricted to versions [38;5;1m*[39m by [38;5;6mproject [c2774c5c][39m, leaving only versions: [38;5;1m0.0.1 - 0.11.3[39m
2026-02-16T02:04:48.2281437Z  │ └─[38;5;6mproject [c2774c5c][39m log:
2026-02-16T02:04:48.2282094Z  │   ├─possible versions are: [38;5;6m0.0.0[39m or uninstalled
2026-02-16T02:04:48.2283397Z  │   └─[38;5;6mproject [c2774c5c][39m is fixed to version [38;5;6m0.0.0[39m
2026-02-16T02:04:48.2642895Z  └─restricted by julia compatibility requirements to versions: uninstalled — no versions left
2026-02-16T02:04:48.2643585Z Stacktrace:
2026-02-16T02:04:48.2658933Z    [1] [0m[1mpropagate_constraints![22m[0m[1m([22m[90mgraph[39m::[0mPkg.Resolve.Graph, [90msources[39m::[0mSet[90m{Int64}[39m; [90mlog_events[39m::[0mBool, [90merr_msg_preamble[39m::[0mString[0m[1m)[22m
2026-02-16T02:04:48.2661022Z  [90m    @[39m [35mPkg.Resolve[39m [90m/opt/hostedtoolcache/julia/1.13.0-beta2/x64/share/julia/stdlib/v1.13/Pkg/src/Resolve/[39m[90m[4mgraphtype.jl:1194[24m[39m
2026-02-16T02:04:48.2662197Z  [90m┌[39m [2] [0m[1mpropagate_constraints![22m
2026-02-16T02:04:48.2663724Z  [90m│[39m[90m   @[39m [90m/opt/hostedtoolcache/julia/1.13.0-beta2/x64/share/julia/stdlib/v1.13/Pkg/src/Resolve/[39m[90m[4mgraphtype.jl:1111[24m[39m[90m [inlined][39m
2026-02-16T02:04:48.2664968Z [90m ╰────[39m[90m[3m repeated 2 times[23m[39m
2026-02-16T02:04:48.2666580Z    [4] [0m[1msimplify_graph![22m[0m[1m([22m[90mgraph[39m::[0mPkg.Resolve.Graph, [90msources[39m::[0mSet[90m{Int64}[39m; [90mvalidate_versions[39m::[0mBool[0m[1m)[22m
2026-02-16T02:04:48.2668668Z  [90m    @[39m [35mPkg.Resolve[39m [90m/opt/hostedtoolcache/julia/1.13.0-beta2/x64/share/julia/stdlib/v1.13/Pkg/src/Resolve/[39m[90m[4mgraphtype.jl:1718[24m[39m
2026-02-16T02:04:48.2669798Z  [90m┌[39m [5] [0m[1msimplify_graph![22m
2026-02-16T02:04:48.2671042Z  [90m│[39m[90m   @[39m [90m/opt/hostedtoolcache/julia/1.13.0-beta2/x64/share/julia/stdlib/v1.13/Pkg/src/Resolve/[39m[90m[4mgraphtype.jl:1717[24m[39m[90m [inlined][39m
2026-02-16T02:04:48.2672257Z [90m ╰────[39m[90m[3m repeated 2 times[23m[39m
2026-02-16T02:04:48.2685951Z    [7] [0m[1mresolve_versions![22m[0m[1m([22m[90menv[39m::[0mPkg.Types.EnvCache, [90mregistries[39m::[0mVector[90m{Pkg.Registry.RegistryInstance}[39m, [90mpkgs[39m::[0mVector[90m{Pkg.Types.PackageSpec}[39m, [90mjulia_version[39m::[0mVersionNumber, [90minstalled_only[39m::[0mBool[0m[1m)[22m
2026-02-16T02:04:48.2688652Z  [90m    @[39m [35mPkg.Operations[39m [90m/opt/hostedtoolcache/julia/1.13.0-beta2/x64/share/julia/stdlib/v1.13/Pkg/src/[39m[90m[4mOperations.jl:781[24m[39m
2026-02-16T02:04:48.2695295Z    [8] [0m[1mup[22m[0m[1m([22m[90mctx[39m::[0mPkg.Types.Context, [90mpkgs[39m::[0mVector[90m{Pkg.Types.PackageSpec}[39m, [90mlevel[39m::[0mPkg.Types.UpgradeLevel; [90mskip_writing_project[39m::[0mBool, [90mpreserve[39m::[0mNothing[0m[1m)[22m
2026-02-16T02:04:48.2697664Z  [90m    @[39m [35mPkg.Operations[39m [90m/opt/hostedtoolcache/julia/1.13.0-beta2/x64/share/julia/stdlib/v1.13/Pkg/src/[39m[90m[4mOperations.jl:2434[24m[39m
2026-02-16T02:04:48.2698777Z    [9] [0m[1mup[22m
2026-02-16T02:04:48.2699952Z  [90m    @[39m [90m/opt/hostedtoolcache/julia/1.13.0-beta2/x64/share/julia/stdlib/v1.13/Pkg/src/[39m[90m[4mOperations.jl:2408[24m[39m[90m [inlined][39m
2026-02-16T02:04:48.2766794Z   [10] [0m[1mup[22m[0m[1m([22m[90mctx[39m::[0mPkg.Types.Context, [90mpkgs[39m::[0mVector[90m{Pkg.Types.PackageSpec}[39m; [90mlevel[39m::[0mPkg.Types.UpgradeLevel, [90mmode[39m::[0mPkg.Types.PackageMode, [90mpreserve[39m::[0mNothing, [90mupdate_registry[39m::[0mBool, [90mskip_writing_project[39m::[0mBool, [90mkwargs[39m::[0m@Kwargs[90m{io::IOContext{IO}}[39m[0m[1m)[22m
2026-02-16T02:04:48.2770186Z  [90m    @[39m [35mPkg.API[39m [90m/opt/hostedtoolcache/julia/1.13.0-beta2/x64/share/julia/stdlib/v1.13/Pkg/src/[39m[90m[4mAPI.jl:465[24m[39m
2026-02-16T02:04:48.2771334Z   [11] [0m[1mup[22m
2026-02-16T02:04:48.2772780Z  [90m    @[39m [90m/opt/hostedtoolcache/julia/1.13.0-beta2/x64/share/julia/stdlib/v1.13/Pkg/src/[39m[90m[4mAPI.jl:433[24m[39m[90m [inlined][39m
2026-02-16T02:04:48.2867393Z   [12] [0m[1mkwcall[22m[0m[1m([22m::[0m@NamedTuple[90m{skip_writing_project::Bool, update_registry::Bool, io::IOContext{IO}}[39m, ::[0mtypeof(Pkg.API.up), [90mctx[39m::[0mPkg.Types.Context[0m[1m)[22m
2026-02-16T02:04:48.2869727Z  [90m    @[39m [35mPkg.API[39m [90m/opt/hostedtoolcache/julia/1.13.0-beta2/x64/share/julia/stdlib/v1.13/Pkg/src/[39m[90m[4mAPI.jl:177[24m[39m
2026-02-16T02:04:48.3098045Z   [13] [0m[1m(::Pkg.Operations.var"#215#216"{String, Pkg.Types.EnvCache, Bool, Bool, Bool, Pkg.Operations.var"#230#231"{Bool, Cmd, Cmd, Nothing, Pkg.Types.Context, Vector{Tuple{String, Base.Process}}, String, Pkg.Types.PackageSpec}, Pkg.Types.Context, Pkg.Types.PackageSpec})[22m[0m[1m([22m[0m[1m)[22m
2026-02-16T02:04:48.3100996Z  [90m    @[39m [35mPkg.Operations[39m [90m/opt/hostedtoolcache/julia/1.13.0-beta2/x64/share/julia/stdlib/v1.13/Pkg/src/[39m[90m[4mOperations.jl:2773[24m[39m
2026-02-16T02:04:48.3106776Z   [14] [0m[1mwith_temp_env[22m[0m[1m([22m[90mfn[39m::[0mPkg.Operations.var"#215#216"[90m{String, Pkg.Types.EnvCache, Bool, Bool, Bool, Pkg.Operations.var"#230#231"{Bool, Cmd, Cmd, Nothing, Pkg.Types.Context, Vector{Tuple{String, Base.Process}}, String, Pkg.Types.PackageSpec}, Pkg.Types.Context, Pkg.Types.PackageSpec}[39m, [90mtemp_env[39m::[0mString[0m[1m)[22m
2026-02-16T02:04:48.3109944Z  [90m    @[39m [35mPkg.Operations[39m [90m/opt/hostedtoolcache/julia/1.13.0-beta2/x64/share/julia/stdlib/v1.13/Pkg/src/[39m[90m[4mOperations.jl:2628[24m[39m
2026-02-16T02:04:48.3118279Z   [15] [0m[1m(::Pkg.Operations.var"#211#212"{Dict{String, Any}, Bool, Bool, Bool, Pkg.Operations.var"#230#231"{Bool, Cmd, Cmd, Nothing, Pkg.Types.Context, Vector{Tuple{String, Base.Process}}, String, Pkg.Types.PackageSpec}, Pkg.Types.Context, Pkg.Types.PackageSpec, String, String})[22m[0m[1m([22m[90mtmp[39m::[0mString[0m[1m)[22m
2026-02-16T02:04:48.3121289Z  [90m    @[39m [35mPkg.Operations[39m [90m/opt/hostedtoolcache/julia/1.13.0-beta2/x64/share/julia/stdlib/v1.13/Pkg/src/[39m[90m[4mOperations.jl:2742[24m[39m
2026-02-16T02:04:48.3130056Z   [16] [0m[1mmktempdir[22m[0m[1m([22m[90mfn[39m::[0mPkg.Operations.var"#211#212"[90m{Dict{String, Any}, Bool, Bool, Bool, Pkg.Operations.var"#230#231"{Bool, Cmd, Cmd, Nothing, Pkg.Types.Context, Vector{Tuple{String, Base.Process}}, String, Pkg.Types.PackageSpec}, Pkg.Types.Context, Pkg.Types.PackageSpec, String, String}[39m, [90mparent[39m::[0mString; [90mprefix[39m::[0mString[0m[1m)[22m
2026-02-16T02:04:48.3133039Z  [90m    @[39m [90mBase.Filesystem[39m [90m./[39m[90m[4mfile.jl:936[24m[39m
2026-02-16T02:04:48.3134186Z   [17] [0m[1mmktempdir[22m[0m[1m([22m[90mfn[39m::[0mFunction, [90mparent[39m::[0mString[0m[1m)[22m
2026-02-16T02:04:48.3135256Z  [90m    @[39m [90mBase.Filesystem[39m [90m./[39m[90m[4mfile.jl:932[24m[39m
2026-02-16T02:04:48.3135980Z   [18] [0m[1m#sandbox#207[22m
2026-02-16T02:04:48.3137288Z  [90m    @[39m [90m/opt/hostedtoolcache/julia/1.13.0-beta2/x64/share/julia/stdlib/v1.13/Pkg/src/[39m[90m[4mOperations.jl:2689[24m[39m[90m [inlined][39m
2026-02-16T02:04:48.3248311Z   [19] [0m[1mkwcall[22m[0m[1m([22m::[0m@NamedTuple[90m{preferences::Dict{String, Any}, force_latest_compatible_version::Bool, allow_earlier_backwards_compatible_versions::Bool, allow_reresolve::Bool}[39m, ::[0mtypeof(Pkg.Operations.sandbox), [90mfn[39m::[0mFunction, [90mctx[39m::[0mPkg.Types.Context, [90mtarget[39m::[0mPkg.Types.PackageSpec, [90msandbox_path[39m::[0mString, [90msandbox_project_override[39m::[0mNothing[0m[1m)[22m
2026-02-16T02:04:48.3252183Z  [90m    @[39m [35mPkg.Operations[39m [90m/opt/hostedtoolcache/julia/1.13.0-beta2/x64/share/julia/stdlib/v1.13/Pkg/src/[39m[90m[4mOperations.jl:2679[24m[39m
2026-02-16T02:04:48.3256490Z   [20] [0m[1mtest[22m[0m[1m([22m[90mctx[39m::[0mPkg.Types.Context, [90mpkgs[39m::[0mVector[90m{Pkg.Types.PackageSpec}[39m; [90mcoverage[39m::[0mBool, [90mjulia_args[39m::[0mCmd, [90mtest_args[39m::[0mCmd, [90mtest_fn[39m::[0mNothing, [90mforce_latest_compatible_version[39m::[0mBool, [90mallow_earlier_backwards_compatible_versions[39m::[0mBool, [90mallow_reresolve[39m::[0mBool[0m[1m)[22m
2026-02-16T02:04:48.3259947Z  [90m    @[39m [35mPkg.Operations[39m [90m/opt/hostedtoolcache/julia/1.13.0-beta2/x64/share/julia/stdlib/v1.13/Pkg/src/[39m[90m[4mOperations.jl:2953[24m[39m
2026-02-16T02:04:48.3261105Z   [21] [0m[1mtest[22m
2026-02-16T02:04:48.3262251Z  [90m    @[39m [90m/opt/hostedtoolcache/julia/1.13.0-beta2/x64/share/julia/stdlib/v1.13/Pkg/src/[39m[90m[4mOperations.jl:2859[24m[39m[90m [inlined][39m
2026-02-16T02:04:48.3277341Z   [22] [0m[1mtest[22m[0m[1m([22m[90mctx[39m::[0mPkg.Types.Context, [90mpkgs[39m::[0mVector[90m{Pkg.Types.PackageSpec}[39m; [90mcoverage[39m::[0mBool, [90mtest_fn[39m::[0mNothing, [90mjulia_args[39m::[0mVector[90m{String}[39m, [90mtest_args[39m::[0mCmd, [90mforce_latest_compatible_version[39m::[0mBool, [90mallow_earlier_backwards_compatible_versions[39m::[0mBool, [90mallow_reresolve[39m::[0mBool, [90mkwargs[39m::[0m@Kwargs[90m{io::IOContext{IO}}[39m[0m[1m)[22m
2026-02-16T02:04:48.3281036Z  [90m    @[39m [35mPkg.API[39m [90m/opt/hostedtoolcache/julia/1.13.0-beta2/x64/share/julia/stdlib/v1.13/Pkg/src/[39m[90m[4mAPI.jl:572[24m[39m
2026-02-16T02:04:48.3408504Z   [23] [0m[1mkwcall[22m[0m[1m([22m::[0m@NamedTuple[90m{coverage::Bool, julia_args::Vector{String}, force_latest_compatible_version::Bool, allow_reresolve::Bool, io::IOContext{IO}}[39m, ::[0mtypeof(Pkg.API.test), [90mctx[39m::[0mPkg.Types.Context, [90mpkgs[39m::[0mVector[90m{Pkg.Types.PackageSpec}[39m[0m[1m)[22m
2026-02-16T02:04:48.3411355Z  [90m    @[39m [35mPkg.API[39m [90m/opt/hostedtoolcache/julia/1.13.0-beta2/x64/share/julia/stdlib/v1.13/Pkg/src/[39m[90m[4mAPI.jl:548[24m[39m
2026-02-16T02:04:48.3426121Z   [24] [0m[1mtest[22m[0m[1m([22m[90mpkgs[39m::[0mVector[90m{Pkg.Types.PackageSpec}[39m; [90mio[39m::[0mIOContext[90m{IO}[39m, [90mkwargs[39m::[0m@Kwargs[90m{coverage::Bool, julia_args::Vector{String}, force_latest_compatible_version::Bool, allow_reresolve::Bool}[39m[0m[1m)[22m
2026-02-16T02:04:48.3428790Z  [90m    @[39m [35mPkg.API[39m [90m/opt/hostedtoolcache/julia/1.13.0-beta2/x64/share/julia/stdlib/v1.13/Pkg/src/[39m[90m[4mAPI.jl:172[24m[39m
2026-02-16T02:04:48.3440671Z   [25] [0m[1mkwcall[22m[0m[1m([22m::[0m@NamedTuple[90m{coverage::Bool, julia_args::Vector{String}, force_latest_compatible_version::Bool, allow_reresolve::Bool}[39m, ::[0mtypeof(Pkg.API.test), [90mpkgs[39m::[0mVector[90m{Pkg.Types.PackageSpec}[39m[0m[1m)[22m
2026-02-16T02:04:48.3443401Z  [90m    @[39m [35mPkg.API[39m [90m/opt/hostedtoolcache/julia/1.13.0-beta2/x64/share/julia/stdlib/v1.13/Pkg/src/[39m[90m[4mAPI.jl:161[24m[39m
2026-02-16T02:04:48.3452773Z   [26] [0m[1mtest[22m[0m[1m([22m; [90mname[39m::[0mNothing, [90muuid[39m::[0mNothing, [90mversion[39m::[0mNothing, [90murl[39m::[0mNothing, [90mrev[39m::[0mNothing, [90mpath[39m::[0mNothing, [90mmode[39m::[0mPkg.Types.PackageMode, [90msubdir[39m::[0mNothing, [90mkwargs[39m::[0m@Kwargs[90m{coverage::Bool, julia_args::Vector{String}, force_latest_compatible_version::Bool, allow_reresolve::Bool}[39m[0m[1m)[22m
2026-02-16T02:04:48.3456139Z  [90m    @[39m [35mPkg.API[39m [90m/opt/hostedtoolcache/julia/1.13.0-beta2/x64/share/julia/stdlib/v1.13/Pkg/src/[39m[90m[4mAPI.jl:189[24m[39m
2026-02-16T02:04:48.3463011Z   [27] [0m[1mkwcall[22m[0m[1m([22m::[0m@NamedTuple[90m{coverage::Bool, julia_args::Vector{String}, force_latest_compatible_version::Bool, allow_reresolve::Bool}[39m, ::[0mtypeof(Pkg.API.test)[0m[1m)[22m
2026-02-16T02:04:48.3465493Z  [90m    @[39m [35mPkg.API[39m [90m/opt/hostedtoolcache/julia/1.13.0-beta2/x64/share/julia/stdlib/v1.13/Pkg/src/[39m[90m[4mAPI.jl:178[24m[39m
2026-02-16T02:04:48.3466551Z   [28] top-level scope
2026-02-16T02:04:48.3467463Z  [90m    @[39m [90m~/work/_actions/julia-actions/julia-runtest/v1/[39m[90m[4mtest_harness.jl:81[24m[39m
2026-02-16T02:04:48.3469011Z   [29] [0m[1minclude[22m[0m[1m([22m[90mmapexpr[39m::[0mFunction, [90mmod[39m::[0mModule, [90m_path[39m::[0mString[0m[1m)[22m
2026-02-16T02:04:48.3470155Z  [90m    @[39m [90mBase[39m [90m./[39m[90m[4mBase.jl:310[24m[39m
2026-02-16T02:04:48.3470684Z   [30] top-level scope
2026-02-16T02:04:48.3471137Z  [90m    @[39m [90m[4mnone:1[24m[39m
2026-02-16T02:04:48.3471993Z   [31] [0m[1meval[22m[0m[1m([22m[90mm[39m::[0mModule, [90me[39m::[0mAny[0m[1m)[22m
2026-02-16T02:04:48.3473071Z  [90m    @[39m [90mCore[39m [90m./[39m[90m[4mboot.jl:489[24m[39m
2026-02-16T02:04:48.3473997Z   [32] [0m[1mexec_options[22m[0m[1m([22m[90mopts[39m::[0mBase.JLOptions[0m[1m)[22m
2026-02-16T02:04:48.3474849Z  [90m    @[39m [90mBase[39m [90m./[39m[90m[4mclient.jl:310[24m[39m
2026-02-16T02:04:48.3475588Z   [33] [0m[1m_start[22m[0m[1m([22m[0m[1m)[22m
2026-02-16T02:04:48.3476343Z  [90m    @[39m [90mBase[39m [90m./[39m[90m[4mclient.jl:577[24m[39m
2026-02-16T02:04:48.3477305Z in expression starting at /home/runner/work/_actions/julia-actions/julia-runtest/v1/test_harness.jl:62
2026-02-16T02:04:48.3478012Z 
2026-02-16T02:04:48.3478689Z [91mcaused by: [39mUnsatisfiable requirements detected for package [38;5;6mForwardDiff [f6369f11][39m:
2026-02-16T02:04:48.3479594Z  [38;5;6mForwardDiff [f6369f11][39m log:
2026-02-16T02:04:48.3480332Z  ├─possible versions are: [38;5;6m0.9.0 - 1.3.2[39m or uninstalled
2026-02-16T02:04:48.3481622Z  ├─restricted by compatibility requirements with [38;5;2mSparseDiffTools [47a9eef4][39m to versions: [38;5;6m0.9.0 - 0.10.39[39m
2026-02-16T02:04:48.3482934Z  │ └─[38;5;2mSparseDiffTools [47a9eef4][39m log:
2026-02-16T02:04:48.3483736Z  │   ├─possible versions are: [38;5;2m0.1.0 - 2.26.0[39m or uninstalled
2026-02-16T02:04:48.3485009Z  │   ├─restricted to versions [38;5;2m*[39m by [38;5;6mproject [c2774c5c][39m, leaving only versions: [38;5;2m0.1.0 - 2.26.0[39m
2026-02-16T02:04:48.3485976Z  │   │ └─[38;5;6mproject [c2774c5c][39m log:
2026-02-16T02:04:48.3486610Z  │   │   ├─possible versions are: [38;5;6m0.0.0[39m or uninstalled
2026-02-16T02:04:48.3487461Z  │   │   └─[38;5;6mproject [c2774c5c][39m is fixed to version [38;5;6m0.0.0[39m
2026-02-16T02:04:48.3489396Z  │   ├─restricted by compatibility requirements with [38;5;3mADTypes [47edcb42][39m to versions: [38;5;2m[0.1.0 - 1.31.0, 2.19.0 - 2.26.0][39m or uninstalled, leaving only versions: [38;5;2m[0.1.0 - 1.31.0, 2.19.0 - 2.26.0][39m
2026-02-16T02:04:48.3490912Z  │   │ └─[38;5;3mADTypes [47edcb42][39m log:
2026-02-16T02:04:48.3491586Z  │   │   ├─possible versions are: [38;5;3m0.1.0 - 1.21.0[39m or uninstalled
2026-02-16T02:04:48.3493041Z  │   │   ├─restricted to versions [38;5;3m1.1.0 - 1[39m by [38;5;6mproject [c2774c5c][39m, leaving only versions: [38;5;3m1.1.0 - 1.21.0[39m
2026-02-16T02:04:48.3494109Z  │   │   │ └─[38;5;6mproject [c2774c5c][39m log: see above
2026-02-16T02:04:48.3495174Z  │   │   └─restricted to versions [38;5;3m1.21.0[39m by an explicit requirement, leaving only versions: [38;5;3m1.21.0[39m
2026-02-16T02:04:48.3497319Z  │   ├─restricted by compatibility requirements with [38;5;13mSciMLOperators [c0aeaf25][39m to versions: [38;5;2m0.1.0 - 1.31.0[39m or uninstalled, leaving only versions: [38;5;2m0.1.0 - 1.31.0[39m
2026-02-16T02:04:48.3498951Z  │   │ └─[38;5;13mSciMLOperators [c0aeaf25][39m log:
2026-02-16T02:04:48.3499852Z  │   │   ├─possible versions are: [38;5;13m0.1.0 - 1.15.1[39m or uninstalled
2026-02-16T02:04:48.3501118Z  │   │   └─restricted to versions [38;5;13m1.15.1[39m by an explicit requirement, leaving only versions: [38;5;13m1.15.1[39m
2026-02-16T02:04:48.3503389Z  │   ├─restricted by compatibility requirements with [38;5;1mRequires [ae029012][39m to versions: [38;5;2m[0.1.0 - 0.3.0, 1.1.0 - 2.26.0][39m or uninstalled, leaving only versions: [38;5;2m[0.1.0 - 0.3.0, 1.1.0 - 1.31.0][39m
2026-02-16T02:04:48.3504895Z  │   │ └─[38;5;1mRequires [ae029012][39m log:
2026-02-16T02:04:48.3505586Z  │   │   ├─possible versions are: [38;5;1m0.5.0 - 1.3.1[39m or uninstalled
2026-02-16T02:04:48.3506719Z  │   │   └─restricted to versions [38;5;1m1.3.1[39m by an explicit requirement, leaving only versions: [38;5;1m1.3.1[39m
2026-02-16T02:04:48.3508846Z  │   └─restricted by compatibility requirements with [38;5;10mArrayInterface [4fba245c][39m to versions: [38;5;2m[0.1.0 - 0.6.0, 1.22.0 - 2.26.0][39m or uninstalled, leaving only versions: [38;5;2m[0.1.0 - 0.3.0, 1.22.0 - 1.31.0][39m
2026-02-16T02:04:48.3510562Z  │     └─[38;5;10mArrayInterface [4fba245c][39m log:
2026-02-16T02:04:48.3511335Z  │       ├─possible versions are: [38;5;10m0.0.1 - 7.22.0[39m or uninstalled
2026-02-16T02:04:48.3512721Z  │       └─restricted to versions [38;5;10m7.22.0[39m by an explicit requirement, leaving only versions: [38;5;10m7.22.0[39m
2026-02-16T02:04:48.3514737Z  ├─restricted by compatibility requirements with [38;5;3mStaticArrays [90137ffa][39m to versions: [38;5;6m0.10.13 - 1.3.2[39m or uninstalled, leaving only versions: [38;5;6m0.10.13 - 0.10.39[39m
2026-02-16T02:04:48.3516129Z  │ └─[38;5;3mStaticArrays [90137ffa][39m log:
2026-02-16T02:04:48.3516815Z  │   ├─possible versions are: [38;5;3m0.8.0 - 1.9.16[39m or uninstalled
2026-02-16T02:04:48.3518093Z  │   └─restricted to versions [38;5;3m1.9.16 - 1[39m by [38;5;4mFiniteVolumeMethod [d4f04ab7][39m, leaving only versions: [38;5;3m1.9.16[39m
2026-02-16T02:04:48.3519212Z  │     └─[38;5;4mFiniteVolumeMethod [d4f04ab7][39m log:
2026-02-16T02:04:48.3519938Z  │       ├─possible versions are: [38;5;4m1.2.0[39m or uninstalled
2026-02-16T02:04:48.3520861Z  │       └─[38;5;4mFiniteVolumeMethod [d4f04ab7][39m is fixed to version [38;5;4m1.2.0[39m
2026-02-16T02:04:48.3522442Z  └─restricted by compatibility requirements with [38;5;11mIntervalArithmetic [d1acc4aa][39m to versions: [38;5;6m1.0.0 - 1.3.2[39m or uninstalled — no versions left
2026-02-16T02:04:48.3523973Z    └─[38;5;11mIntervalArithmetic [d1acc4aa][39m log:
2026-02-16T02:04:48.3524765Z      ├─possible versions are: [38;5;11m0.14.0 - 1.0.2[39m or uninstalled
2026-02-16T02:04:48.3525974Z      └─restricted to versions [38;5;11m1.0.2[39m by an explicit requirement, leaving only versions: [38;5;11m1.0.2[39m
2026-02-16T02:04:48.3526907Z Stacktrace:
2026-02-16T02:04:48.3528517Z    [1] [0m[1mpropagate_constraints![22m[0m[1m([22m[90mgraph[39m::[0mPkg.Resolve.Graph, [90msources[39m::[0mSet[90m{Int64}[39m; [90mlog_events[39m::[0mBool, [90merr_msg_preamble[39m::[0mString[0m[1m)[22m
2026-02-16T02:04:48.3530848Z  [90m    @[39m [35mPkg.Resolve[39m [90m/opt/hostedtoolcache/julia/1.13.0-beta2/x64/share/julia/stdlib/v1.13/Pkg/src/Resolve/[39m[90m[4mgraphtype.jl:1194[24m[39m
2026-02-16T02:04:48.3532166Z  [90m┌[39m [2] [0m[1mpropagate_constraints![22m
2026-02-16T02:04:48.3533851Z  [90m│[39m[90m   @[39m [90m/opt/hostedtoolcache/julia/1.13.0-beta2/x64/share/julia/stdlib/v1.13/Pkg/src/Resolve/[39m[90m[4mgraphtype.jl:1111[24m[39m[90m [inlined][39m
2026-02-16T02:04:48.3535143Z [90m ╰────[39m[90m[3m repeated 2 times[23m[39m
2026-02-16T02:04:48.3536645Z    [4] [0m[1msimplify_graph![22m[0m[1m([22m[90mgraph[39m::[0mPkg.Resolve.Graph, [90msources[39m::[0mSet[90m{Int64}[39m; [90mvalidate_versions[39m::[0mBool[0m[1m)[22m
2026-02-16T02:04:48.3538999Z  [90m    @[39m [35mPkg.Resolve[39m [90m/opt/hostedtoolcache/julia/1.13.0-beta2/x64/share/julia/stdlib/v1.13/Pkg/src/Resolve/[39m[90m[4mgraphtype.jl:1718[24m[39m
2026-02-16T02:04:48.3540445Z  [90m┌[39m [5] [0m[1msimplify_graph![22m
2026-02-16T02:04:48.3541874Z  [90m│[39m[90m   @[39m [90m/opt/hostedtoolcache/julia/1.13.0-beta2/x64/share/julia/stdlib/v1.13/Pkg/src/Resolve/[39m[90m[4mgraphtype.jl:1717[24m[39m[90m [inlined][39m
2026-02-16T02:04:48.3543387Z [90m ╰────[39m[90m[3m repeated 2 times[23m[39m
2026-02-16T02:04:48.3545760Z    [7] [0m[1mresolve_versions![22m[0m[1m([22m[90menv[39m::[0mPkg.Types.EnvCache, [90mregistries[39m::[0mVector[90m{Pkg.Registry.RegistryInstance}[39m, [90mpkgs[39m::[0mVector[90m{Pkg.Types.PackageSpec}[39m, [90mjulia_version[39m::[0mVersionNumber, [90minstalled_only[39m::[0mBool[0m[1m)[22m
2026-02-16T02:04:48.3548662Z  [90m    @[39m [35mPkg.Operations[39m [90m/opt/hostedtoolcache/julia/1.13.0-beta2/x64/share/julia/stdlib/v1.13/Pkg/src/[39m[90m[4mOperations.jl:781[24m[39m
2026-02-16T02:04:48.3551345Z    [8] [0m[1mup[22m[0m[1m([22m[90mctx[39m::[0mPkg.Types.Context, [90mpkgs[39m::[0mVector[90m{Pkg.Types.PackageSpec}[39m, [90mlevel[39m::[0mPkg.Types.UpgradeLevel; [90mskip_writing_project[39m::[0mBool, [90mpreserve[39m::[0mNothing[0m[1m)[22m
2026-02-16T02:04:48.3554013Z  [90m    @[39m [35mPkg.Operations[39m [90m/opt/hostedtoolcache/julia/1.13.0-beta2/x64/share/julia/stdlib/v1.13/Pkg/src/[39m[90m[4mOperations.jl:2434[24m[39m
2026-02-16T02:04:48.3555191Z    [9] [0m[1mup[22m
2026-02-16T02:04:48.3556379Z  [90m    @[39m [90m/opt/hostedtoolcache/julia/1.13.0-beta2/x64/share/julia/stdlib/v1.13/Pkg/src/[39m[90m[4mOperations.jl:2408[24m[39m[90m [inlined][39m
2026-02-16T02:04:48.3559915Z   [10] [0m[1mup[22m[0m[1m([22m[90mctx[39m::[0mPkg.Types.Context, [90mpkgs[39m::[0mVector[90m{Pkg.Types.PackageSpec}[39m; [90mlevel[39m::[0mPkg.Types.UpgradeLevel, [90mmode[39m::[0mPkg.Types.PackageMode, [90mpreserve[39m::[0mNothing, [90mupdate_registry[39m::[0mBool, [90mskip_writing_project[39m::[0mBool, [90mkwargs[39m::[0m@Kwargs[90m{io::Base.DevNull}[39m[0m[1m)[22m
2026-02-16T02:04:48.3563322Z  [90m    @[39m [35mPkg.API[39m [90m/opt/hostedtoolcache/julia/1.13.0-beta2/x64/share/julia/stdlib/v1.13/Pkg/src/[39m[90m[4mAPI.jl:465[24m[39m
2026-02-16T02:04:48.3564376Z   [11] [0m[1mup[22m
2026-02-16T02:04:48.3565455Z  [90m    @[39m [90m/opt/hostedtoolcache/julia/1.13.0-beta2/x64/share/julia/stdlib/v1.13/Pkg/src/[39m[90m[4mAPI.jl:433[24m[39m[90m [inlined][39m
2026-02-16T02:04:48.3566496Z   [12] [0m[1mup[22m
2026-02-16T02:04:48.3567593Z  [90m    @[39m [90m/opt/hostedtoolcache/julia/1.13.0-beta2/x64/share/julia/stdlib/v1.13/Pkg/src/[39m[90m[4mAPI.jl:177[24m[39m[90m [inlined][39m
2026-02-16T02:04:48.3568702Z   [13] [0m[1m#resolve#170[22m
2026-02-16T02:04:48.3569873Z  [90m    @[39m [90m/opt/hostedtoolcache/julia/1.13.0-beta2/x64/share/julia/stdlib/v1.13/Pkg/src/[39m[90m[4mAPI.jl:471[24m[39m[90m [inlined][39m
2026-02-16T02:04:48.3570949Z   [14] [0m[1mresolve[22m
2026-02-16T02:04:48.3572030Z  [90m    @[39m [90m/opt/hostedtoolcache/julia/1.13.0-beta2/x64/share/julia/stdlib/v1.13/Pkg/src/[39m[90m[4mAPI.jl:470[24m[39m[90m [inlined][39m
2026-02-16T02:04:48.3575251Z   [15] [0m[1m(::Pkg.Operations.var"#215#216"{String, Pkg.Types.EnvCache, Bool, Bool, Bool, Pkg.Operations.var"#230#231"{Bool, Cmd, Cmd, Nothing, Pkg.Types.Context, Vector{Tuple{String, Base.Process}}, String, Pkg.Types.PackageSpec}, Pkg.Types.Context, Pkg.Types.PackageSpec})[22m[0m[1m([22m[0m[1m)[22m
2026-02-16T02:04:48.3578202Z  [90m    @[39m [35mPkg.Operations[39m [90m/opt/hostedtoolcache/julia/1.13.0-beta2/x64/share/julia/stdlib/v1.13/Pkg/src/[39m[90m[4mOperations.jl:2758[24m[39m
2026-02-16T02:04:48.3581828Z   [16] [0m[1mwith_temp_env[22m[0m[1m([22m[90mfn[39m::[0mPkg.Operations.var"#215#216"[90m{String, Pkg.Types.EnvCache, Bool, Bool, Bool, Pkg.Operations.var"#230#231"{Bool, Cmd, Cmd, Nothing, Pkg.Types.Context, Vector{Tuple{String, Base.Process}}, String, Pkg.Types.PackageSpec}, Pkg.Types.Context, Pkg.Types.PackageSpec}[39m, [90mtemp_env[39m::[0mString[0m[1m)[22m
2026-02-16T02:04:48.3585409Z  [90m    @[39m [35mPkg.Operations[39m [90m/opt/hostedtoolcache/julia/1.13.0-beta2/x64/share/julia/stdlib/v1.13/Pkg/src/[39m[90m[4mOperations.jl:2628[24m[39m
2026-02-16T02:04:48.3588719Z   [17] [0m[1m(::Pkg.Operations.var"#211#212"{Dict{String, Any}, Bool, Bool, Bool, Pkg.Operations.var"#230#231"{Bool, Cmd, Cmd, Nothing, Pkg.Types.Context, Vector{Tuple{String, Base.Process}}, String, Pkg.Types.PackageSpec}, Pkg.Types.Context, Pkg.Types.PackageSpec, String, String})[22m[0m[1m([22m[90mtmp[39m::[0mString[0m[1m)[22m
2026-02-16T02:04:48.3591754Z  [90m    @[39m [35mPkg.Operations[39m [90m/opt/hostedtoolcache/julia/1.13.0-beta2/x64/share/julia/stdlib/v1.13/Pkg/src/[39m[90m[4mOperations.jl:2742[24m[39m
2026-02-16T02:04:48.3595594Z   [18] [0m[1mmktempdir[22m[0m[1m([22m[90mfn[39m::[0mPkg.Operations.var"#211#212"[90m{Dict{String, Any}, Bool, Bool, Bool, Pkg.Operations.var"#230#231"{Bool, Cmd, Cmd, Nothing, Pkg.Types.Context, Vector{Tuple{String, Base.Process}}, String, Pkg.Types.PackageSpec}, Pkg.Types.Context, Pkg.Types.PackageSpec, String, String}[39m, [90mparent[39m::[0mString; [90mprefix[39m::[0mString[0m[1m)[22m
2026-02-16T02:04:48.3598382Z  [90m    @[39m [90mBase.Filesystem[39m [90m./[39m[90m[4mfile.jl:936[24m[39m
2026-02-16T02:04:48.3599548Z   [19] [0m[1mmktempdir[22m[0m[1m([22m[90mfn[39m::[0mFunction, [90mparent[39m::[0mString[0m[1m)[22m
2026-02-16T02:04:48.3600593Z  [90m    @[39m [90mBase.Filesystem[39m [90m./[39m[90m[4mfile.jl:932[24m[39m
2026-02-16T02:04:48.3601257Z   [20] [0m[1m#sandbox#207[22m
2026-02-16T02:04:48.3602465Z  [90m    @[39m [90m/opt/hostedtoolcache/julia/1.13.0-beta2/x64/share/julia/stdlib/v1.13/Pkg/src/[39m[90m[4mOperations.jl:2689[24m[39m[90m [inlined][39m
2026-02-16T02:04:48.3606586Z   [21] [0m[1mkwcall[22m[0m[1m([22m::[0m@NamedTuple[90m{preferences::Dict{String, Any}, force_latest_compatible_version::Bool, allow_earlier_backwards_compatible_versions::Bool, allow_reresolve::Bool}[39m, ::[0mtypeof(Pkg.Operations.sandbox), [90mfn[39m::[0mFunction, [90mctx[39m::[0mPkg.Types.Context, [90mtarget[39m::[0mPkg.Types.PackageSpec, [90msandbox_path[39m::[0mString, [90msandbox_project_override[39m::[0mNothing[0m[1m)[22m
2026-02-16T02:04:48.3610238Z  [90m    @[39m [35mPkg.Operations[39m [90m/opt/hostedtoolcache/julia/1.13.0-beta2/x64/share/julia/stdlib/v1.13/Pkg/src/[39m[90m[4mOperations.jl:2679[24m[39m
2026-02-16T02:04:48.3614061Z   [22] [0m[1mtest[22m[0m[1m([22m[90mctx[39m::[0mPkg.Types.Context, [90mpkgs[39m::[0mVector[90m{Pkg.Types.PackageSpec}[39m; [90mcoverage[39m::[0mBool, [90mjulia_args[39m::[0mCmd, [90mtest_args[39m::[0mCmd, [90mtest_fn[39m::[0mNothing, [90mforce_latest_compatible_version[39m::[0mBool, [90mallow_earlier_backwards_compatible_versions[39m::[0mBool, [90mallow_reresolve[39m::[0mBool[0m[1m)[22m
2026-02-16T02:04:48.3617330Z  [90m    @[39m [35mPkg.Operations[39m [90m/opt/hostedtoolcache/julia/1.13.0-beta2/x64/share/julia/stdlib/v1.13/Pkg/src/[39m[90m[4mOperations.jl:2953[24m[39m
2026-02-16T02:04:48.3618470Z   [23] [0m[1mtest[22m
2026-02-16T02:04:48.3619600Z  [90m    @[39m [90m/opt/hostedtoolcache/julia/1.13.0-beta2/x64/share/julia/stdlib/v1.13/Pkg/src/[39m[90m[4mOperations.jl:2859[24m[39m[90m [inlined][39m
2026-02-16T02:04:48.3624167Z   [24] [0m[1mtest[22m[0m[1m([22m[90mctx[39m::[0mPkg.Types.Context, [90mpkgs[39m::[0mVector[90m{Pkg.Types.PackageSpec}[39m; [90mcoverage[39m::[0mBool, [90mtest_fn[39m::[0mNothing, [90mjulia_args[39m::[0mVector[90m{String}[39m, [90mtest_args[39m::[0mCmd, [90mforce_latest_compatible_version[39m::[0mBool, [90mallow_earlier_backwards_compatible_versions[39m::[0mBool, [90mallow_reresolve[39m::[0mBool, [90mkwargs[39m::[0m@Kwargs[90m{io::IOContext{IO}}[39m[0m[1m)[22m
2026-02-16T02:04:48.3627962Z  [90m    @[39m [35mPkg.API[39m [90m/opt/hostedtoolcache/julia/1.13.0-beta2/x64/share/julia/stdlib/v1.13/Pkg/src/[39m[90m[4mAPI.jl:572[24m[39m
2026-02-16T02:04:48.3641271Z   [25] [0m[1mkwcall[22m[0m[1m([22m::[0m@NamedTuple[90m{coverage::Bool, julia_args::Vector{String}, force_latest_compatible_version::Bool, allow_reresolve::Bool, io::IOContext{IO}}[39m, ::[0mtypeof(Pkg.API.test), [90mctx[39m::[0mPkg.Types.Context, [90mpkgs[39m::[0mVector[90m{Pkg.Types.PackageSpec}[39m[0m[1m)[22m
2026-02-16T02:04:48.3644332Z  [90m    @[39m [35mPkg.API[39m [90m/opt/hostedtoolcache/julia/1.13.0-beta2/x64/share/julia/stdlib/v1.13/Pkg/src/[39m[90m[4mAPI.jl:548[24m[39m
2026-02-16T02:04:48.3658890Z   [26] [0m[1mtest[22m[0m[1m([22m[90mpkgs[39m::[0mVector[90m{Pkg.Types.PackageSpec}[39m; [90mio[39m::[0mIOContext[90m{IO}[39m, [90mkwargs[39m::[0m@Kwargs[90m{coverage::Bool, julia_args::Vector{String}, force_latest_compatible_version::Bool, allow_reresolve::Bool}[39m[0m[1m)[22m
2026-02-16T02:04:48.3661536Z  [90m    @[39m [35mPkg.API[39m [90m/opt/hostedtoolcache/julia/1.13.0-beta2/x64/share/julia/stdlib/v1.13/Pkg/src/[39m[90m[4mAPI.jl:172[24m[39m
2026-02-16T02:04:48.3673820Z   [27] [0m[1mkwcall[22m[0m[1m([22m::[0m@NamedTuple[90m{coverage::Bool, julia_args::Vector{String}, force_latest_compatible_version::Bool, allow_reresolve::Bool}[39m, ::[0mtypeof(Pkg.API.test), [90mpkgs[39m::[0mVector[90m{Pkg.Types.PackageSpec}[39m[0m[1m)[22m
2026-02-16T02:04:48.3676319Z  [90m    @[39m [35mPkg.API[39m [90m/opt/hostedtoolcache/julia/1.13.0-beta2/x64/share/julia/stdlib/v1.13/Pkg/src/[39m[90m[4mAPI.jl:161[24m[39m
2026-02-16T02:04:48.3685560Z   [28] [0m[1mtest[22m[0m[1m([22m; [90mname[39m::[0mNothing, [90muuid[39m::[0mNothing, [90mversion[39m::[0mNothing, [90murl[39m::[0mNothing, [90mrev[39m::[0mNothing, [90mpath[39m::[0mNothing, [90mmode[39m::[0mPkg.Types.PackageMode, [90msubdir[39m::[0mNothing, [90mkwargs[39m::[0m@Kwargs[90m{coverage::Bool, julia_args::Vector{String}, force_latest_compatible_version::Bool, allow_reresolve::Bool}[39m[0m[1m)[22m
2026-02-16T02:04:48.3688810Z  [90m    @[39m [35mPkg.API[39m [90m/opt/hostedtoolcache/julia/1.13.0-beta2/x64/share/julia/stdlib/v1.13/Pkg/src/[39m[90m[4mAPI.jl:189[24m[39m
2026-02-16T02:04:48.3695348Z   [29] [0m[1mkwcall[22m[0m[1m([22m::[0m@NamedTuple[90m{coverage::Bool, julia_args::Vector{String}, force_latest_compatible_version::Bool, allow_reresolve::Bool}[39m, ::[0mtypeof(Pkg.API.test)[0m[1m)[22m
2026-02-16T02:04:48.3697634Z  [90m    @[39m [35mPkg.API[39m [90m/opt/hostedtoolcache/julia/1.13.0-beta2/x64/share/julia/stdlib/v1.13/Pkg/src/[39m[90m[4mAPI.jl:178[24m[39m
2026-02-16T02:04:48.3698677Z   [30] top-level scope
2026-02-16T02:04:48.3701420Z  [90m    @[39m [90m~/work/_actions/julia-actions/julia-runtest/v1/[39m[90m[4mtest_harness.jl:81[24m[39m
2026-02-16T02:04:48.3703347Z   [31] [0m[1minclude[22m[0m[1m([22m[90mmapexpr[39m::[0mFunction, [90mmod[39m::[0mModule, [90m_path[39m::[0mString[0m[1m)[22m
2026-02-16T02:04:48.3704372Z  [90m    @[39m [90mBase[39m [90m./[39m[90m[4mBase.jl:310[24m[39m
2026-02-16T02:04:48.3704707Z   [32] top-level scope
2026-02-16T02:04:48.3704958Z  [90m    @[39m [90m[4mnone:1[24m[39m
2026-02-16T02:04:48.3705428Z   [33] [0m[1meval[22m[0m[1m([22m[90mm[39m::[0mModule, [90me[39m::[0mAny[0m[1m)[22m
2026-02-16T02:04:48.3705926Z  [90m    @[39m [90mCore[39m [90m./[39m[90m[4mboot.jl:489[24m[39m
2026-02-16T02:04:48.3706467Z   [34] [0m[1mexec_options[22m[0m[1m([22m[90mopts[39m::[0mBase.JLOptions[0m[1m)[22m
2026-02-16T02:04:48.3706974Z  [90m    @[39m [90mBase[39m [90m./[39m[90m[4mclient.jl:310[24m[39m
2026-02-16T02:04:48.3707356Z   [35] [0m[1m_start[22m[0m[1m([22m[0m[1m)[22m
2026-02-16T02:04:48.3707741Z  [90m    @[39m [90mBase[39m [90m./[39m[90m[4mclient.jl:577[24m[39m
2026-02-16T02:04:48.3997903Z ##[error]Process completed with exit code 1.
2026-02-16T02:04:48.4060231Z ##[group]Run julia-actions/julia-processcoverage@v1
2026-02-16T02:04:48.4060530Z with:
2026-02-16T02:04:48.4060704Z   directories: src,ext
2026-02-16T02:04:48.4060890Z env:
2026-02-16T02:04:48.4061059Z   JULIA_PKG_SERVER: 
2026-02-16T02:04:48.4061284Z   JULIA_PKG_SERVER_REGISTRY_PREFERENCE: eager
2026-02-16T02:04:48.4061547Z ##[endgroup]
2026-02-16T02:04:48.4074891Z ##[group]Run julia --color=yes "$GITHUB_ACTION_PATH"/main.jl
2026-02-16T02:04:48.4075297Z [36;1mjulia --color=yes "$GITHUB_ACTION_PATH"/main.jl[0m
2026-02-16T02:04:48.4123098Z shell: /usr/bin/bash --noprofile --norc -e -o pipefail {0}
2026-02-16T02:04:48.4123417Z env:
2026-02-16T02:04:48.4123590Z   JULIA_PKG_SERVER: 
2026-02-16T02:04:48.4123823Z   JULIA_PKG_SERVER_REGISTRY_PREFERENCE: eager
2026-02-16T02:04:48.4124106Z   INPUT_DIRECTORIES: src,ext
2026-02-16T02:04:48.4124324Z ##[endgroup]
2026-02-16T02:04:48.9220915Z [32m[1m  Activating[22m[39m new project at `~/.julia/environments/coveragetempenv`
2026-02-16T02:04:49.0998170Z [32m[1m   Resolving[22m[39m package versions...
2026-02-16T02:04:49.7375100Z [32m[1m   Installed[22m[39m CoverageTools ─ v1.4.1
2026-02-16T02:04:49.7956915Z [32m[1m   Installed[22m[39m JuliaSyntax ─── v1.0.2
2026-02-16T02:04:50.0329949Z [32m[1m    Updating[22m[39m `~/.julia/environments/coveragetempenv/Project.toml`
2026-02-16T02:04:50.0331087Z   [90m[c36e975a] [39m[92m+ CoverageTools v1.4.1[39m
2026-02-16T02:04:50.0331728Z [32m[1m    Updating[22m[39m `~/.julia/environments/coveragetempenv/Manifest.toml`
2026-02-16T02:04:50.0336965Z   [90m[c36e975a] [39m[92m+ CoverageTools v1.4.1[39m
2026-02-16T02:04:50.0337659Z   [90m[70703baa] [39m[92m+ JuliaSyntax v1.0.2[39m
2026-02-16T02:04:50.0340180Z   [90m[ade2ca70] [39m[92m+ Dates v1.11.0[39m
2026-02-16T02:04:50.0342728Z   [90m[de0858da] [39m[92m+ Printf v1.11.0[39m
2026-02-16T02:04:50.0345102Z   [90m[fa267f1f] [39m[92m+ TOML v1.0.3[39m
2026-02-16T02:04:50.0345783Z   [90m[4ec0a83e] [39m[92m+ Unicode v1.11.0[39m
2026-02-16T02:04:50.0777959Z [32m[1mPrecompiling[22m[39m packages...
2026-02-16T02:05:10.2422893Z   20164.4 ms[32m  ✓ [39m[90mJuliaSyntax[39m
2026-02-16T02:05:10.8284874Z     586.0 ms[32m  ✓ [39mCoverageTools
2026-02-16T02:05:10.8285573Z   2 dependencies successfully precompiled in 21 seconds. 4 already precompiled.
2026-02-16T02:05:11.7293777Z [36m[1m[ [22m[39m[36m[1mInfo: [22m[39mCoverageTools.process_folder: Searching src for .jl files...
2026-02-16T02:05:11.7295302Z [36m[1m[ [22m[39m[36m[1mInfo: [22m[39mCoverageTools.process_file: Detecting coverage for src/FiniteVolumeMethod.jl
2026-02-16T02:05:11.7296990Z [36m[1m┌ [22m[39m[36m[1mInfo: [22m[39mCoverageTools.process_cov: Coverage file(s) for src/FiniteVolumeMethod.jl do not exist.
2026-02-16T02:05:11.7298158Z [36m[1m└ [22m[39mAssuming file has no coverage.
2026-02-16T02:05:11.7905430Z [36m[1m[ [22m[39m[36m[1mInfo: [22m[39mCoverageTools.process_folder: Searching src/amr for .jl files...
2026-02-16T02:05:11.7906909Z [36m[1m[ [22m[39m[36m[1mInfo: [22m[39mCoverageTools.process_file: Detecting coverage for src/amr/amr_grid.jl
2026-02-16T02:05:11.7908423Z [36m[1m┌ [22m[39m[36m[1mInfo: [22m[39mCoverageTools.process_cov: Coverage file(s) for src/amr/amr_grid.jl do not exist.
2026-02-16T02:05:11.7909534Z [36m[1m└ [22m[39mAssuming file has no coverage.
2026-02-16T02:05:11.7919170Z [36m[1m[ [22m[39m[36m[1mInfo: [22m[39mCoverageTools.process_file: Detecting coverage for src/amr/amr_solve.jl
2026-02-16T02:05:11.7920761Z [36m[1m┌ [22m[39m[36m[1mInfo: [22m[39mCoverageTools.process_cov: Coverage file(s) for src/amr/amr_solve.jl do not exist.
2026-02-16T02:05:11.7921847Z [36m[1m└ [22m[39mAssuming file has no coverage.
2026-02-16T02:05:11.7944898Z [36m[1m[ [22m[39m[36m[1mInfo: [22m[39mCoverageTools.process_file: Detecting coverage for src/amr/flux_correction.jl
2026-02-16T02:05:11.7947027Z [36m[1m┌ [22m[39m[36m[1mInfo: [22m[39mCoverageTools.process_cov: Coverage file(s) for src/amr/flux_correction.jl do not exist.
2026-02-16T02:05:11.7948596Z [36m[1m└ [22m[39mAssuming file has no coverage.
2026-02-16T02:05:11.7961306Z [36m[1m[ [22m[39m[36m[1mInfo: [22m[39mCoverageTools.process_file: Detecting coverage for src/amr/prolongation.jl
2026-02-16T02:05:11.7963193Z [36m[1m┌ [22m[39m[36m[1mInfo: [22m[39mCoverageTools.process_cov: Coverage file(s) for src/amr/prolongation.jl do not exist.
2026-02-16T02:05:11.7964344Z [36m[1m└ [22m[39mAssuming file has no coverage.
2026-02-16T02:05:11.7977426Z [36m[1m[ [22m[39m[36m[1mInfo: [22m[39mCoverageTools.process_file: Detecting coverage for src/amr/refinement.jl
2026-02-16T02:05:11.7979044Z [36m[1m┌ [22m[39m[36m[1mInfo: [22m[39mCoverageTools.process_cov: Coverage file(s) for src/amr/refinement.jl do not exist.
2026-02-16T02:05:11.7980226Z [36m[1m└ [22m[39mAssuming file has no coverage.
2026-02-16T02:05:11.8005035Z [36m[1m[ [22m[39m[36m[1mInfo: [22m[39mCoverageTools.process_file: Detecting coverage for src/amr/restriction.jl
2026-02-16T02:05:11.8006673Z [36m[1m┌ [22m[39m[36m[1mInfo: [22m[39mCoverageTools.process_cov: Coverage file(s) for src/amr/restriction.jl do not exist.
2026-02-16T02:05:11.8007815Z [36m[1m└ [22m[39mAssuming file has no coverage.
2026-02-16T02:05:11.8019476Z [36m[1m[ [22m[39m[36m[1mInfo: [22m[39mCoverageTools.process_folder: Searching src/conditions for .jl files...
2026-02-16T02:05:11.8020974Z [36m[1m[ [22m[39m[36m[1mInfo: [22m[39mCoverageTools.process_file: Detecting coverage for src/conditions/coupled.jl
2026-02-16T02:05:11.8022815Z [36m[1m┌ [22m[39m[36m[1mInfo: [22m[39mCoverageTools.process_cov: Coverage file(s) for src/conditions/coupled.jl do not exist.
2026-02-16T02:05:11.8023975Z [36m[1m└ [22m[39mAssuming file has no coverage.
2026-02-16T02:05:11.8037504Z [36m[1m[ [22m[39m[36m[1mInfo: [22m[39mCoverageTools.process_file: Detecting coverage for src/conditions/nonlinear.jl
2026-02-16T02:05:11.8039264Z [36m[1m┌ [22m[39m[36m[1mInfo: [22m[39mCoverageTools.process_cov: Coverage file(s) for src/conditions/nonlinear.jl do not exist.
2026-02-16T02:05:11.8040382Z [36m[1m└ [22m[39mAssuming file has no coverage.
2026-02-16T02:05:11.8053781Z [36m[1m[ [22m[39m[36m[1mInfo: [22m[39mCoverageTools.process_file: Detecting coverage for src/conditions/periodic.jl
2026-02-16T02:05:11.8055455Z [36m[1m┌ [22m[39m[36m[1mInfo: [22m[39mCoverageTools.process_cov: Coverage file(s) for src/conditions/periodic.jl do not exist.
2026-02-16T02:05:11.8056576Z [36m[1m└ [22m[39mAssuming file has no coverage.
2026-02-16T02:05:11.8070243Z [36m[1m[ [22m[39m[36m[1mInfo: [22m[39mCoverageTools.process_file: Detecting coverage for src/conditions.jl
2026-02-16T02:05:11.8071777Z [36m[1m┌ [22m[39m[36m[1mInfo: [22m[39mCoverageTools.process_cov: Coverage file(s) for src/conditions.jl do not exist.
2026-02-16T02:05:11.8073112Z [36m[1m└ [22m[39mAssuming file has no coverage.
2026-02-16T02:05:11.8129531Z [36m[1m[ [22m[39m[36m[1mInfo: [22m[39mCoverageTools.process_folder: Searching src/constrained_transport for .jl files...
2026-02-16T02:05:11.8131259Z [36m[1m[ [22m[39m[36m[1mInfo: [22m[39mCoverageTools.process_file: Detecting coverage for src/constrained_transport/ct_data.jl
2026-02-16T02:05:11.8133420Z [36m[1m┌ [22m[39m[36m[1mInfo: [22m[39mCoverageTools.process_cov: Coverage file(s) for src/constrained_transport/ct_data.jl do not exist.
2026-02-16T02:05:11.8134668Z [36m[1m└ [22m[39mAssuming file has no coverage.
2026-02-16T02:05:11.8143149Z [36m[1m[ [22m[39m[36m[1mInfo: [22m[39mCoverageTools.process_file: Detecting coverage for src/constrained_transport/ct_data_3d.jl
2026-02-16T02:05:11.8145033Z [36m[1m┌ [22m[39m[36m[1mInfo: [22m[39mCoverageTools.process_cov: Coverage file(s) for src/constrained_transport/ct_data_3d.jl do not exist.
2026-02-16T02:05:11.8146230Z [36m[1m└ [22m[39mAssuming file has no coverage.
2026-02-16T02:05:11.8160645Z [36m[1m[ [22m[39m[36m[1mInfo: [22m[39mCoverageTools.process_file: Detecting coverage for src/constrained_transport/ct_update.jl
2026-02-16T02:05:11.8162911Z [36m[1m┌ [22m[39m[36m[1mInfo: [22m[39mCoverageTools.process_cov: Coverage file(s) for src/constrained_transport/ct_update.jl do not exist.
2026-02-16T02:05:11.8164151Z [36m[1m└ [22m[39mAssuming file has no coverage.
2026-02-16T02:05:11.8168794Z [36m[1m[ [22m[39m[36m[1mInfo: [22m[39mCoverageTools.process_file: Detecting coverage for src/constrained_transport/ct_update_3d.jl
2026-02-16T02:05:11.8172962Z [36m[1m┌ [22m[39m[36m[1mInfo: [22m[39mCoverageTools.process_cov: Coverage file(s) for src/constrained_transport/ct_update_3d.jl do not exist.
2026-02-16T02:05:11.8174312Z [36m[1m└ [22m[39mAssuming file has no coverage.
2026-02-16T02:05:11.8181075Z [36m[1m[ [22m[39m[36m[1mInfo: [22m[39mCoverageTools.process_file: Detecting coverage for src/constrained_transport/divb.jl
2026-02-16T02:05:11.8183316Z [36m[1m┌ [22m[39m[36m[1mInfo: [22m[39mCoverageTools.process_cov: Coverage file(s) for src/constrained_transport/divb.jl do not exist.
2026-02-16T02:05:11.8185780Z [36m[1m└ [22m[39mAssuming file has no coverage.
2026-02-16T02:05:11.8186972Z [36m[1m[ [22m[39m[36m[1mInfo: [22m[39mCoverageTools.process_file: Detecting coverage for src/constrained_transport/divb_3d.jl
2026-02-16T02:05:11.8188729Z [36m[1m┌ [22m[39m[36m[1mInfo: [22m[39mCoverageTools.process_cov: Coverage file(s) for src/constrained_transport/divb_3d.jl do not exist.
2026-02-16T02:05:11.8189913Z [36m[1m└ [22m[39mAssuming file has no coverage.
2026-02-16T02:05:11.8191084Z [36m[1m[ [22m[39m[36m[1mInfo: [22m[39mCoverageTools.process_file: Detecting coverage for src/constrained_transport/emf.jl
2026-02-16T02:05:11.8192693Z [36m[1m┌ [22m[39m[36m[1mInfo: [22m[39mCoverageTools.process_cov: Coverage file(s) for src/constrained_transport/emf.jl do not exist.
2026-02-16T02:05:11.8193397Z [36m[1m└ [22m[39mAssuming file has no coverage.
2026-02-16T02:05:11.8199291Z [36m[1m[ [22m[39m[36m[1mInfo: [22m[39mCoverageTools.process_file: Detecting coverage for src/constrained_transport/emf_3d.jl
2026-02-16T02:05:11.8200584Z [36m[1m┌ [22m[39m[36m[1mInfo: [22m[39mCoverageTools.process_cov: Coverage file(s) for src/constrained_transport/emf_3d.jl do not exist.
2026-02-16T02:05:11.8201240Z [36m[1m└ [22m[39mAssuming file has no coverage.
2026-02-16T02:05:11.8205592Z [36m[1m[ [22m[39m[36m[1mInfo: [22m[39mCoverageTools.process_folder: Searching src/coupling for .jl files...
2026-02-16T02:05:11.8207038Z [36m[1m[ [22m[39m[36m[1mInfo: [22m[39mCoverageTools.process_file: Detecting coverage for src/coupling/abstract_coupling.jl
2026-02-16T02:05:11.8208046Z [36m[1m┌ [22m[39m[36m[1mInfo: [22m[39mCoverageTools.process_cov: Coverage file(s) for src/coupling/abstract_coupling.jl do not exist.
2026-02-16T02:05:11.8208664Z [36m[1m└ [22m[39mAssuming file has no coverage.
2026-02-16T02:05:11.8210656Z [36m[1m[ [22m[39m[36m[1mInfo: [22m[39mCoverageTools.process_file: Detecting coverage for src/coupling/coupled_solve.jl
2026-02-16T02:05:11.8211950Z [36m[1m┌ [22m[39m[36m[1mInfo: [22m[39mCoverageTools.process_cov: Coverage file(s) for src/coupling/coupled_solve.jl do not exist.
2026-02-16T02:05:11.8212755Z [36m[1m└ [22m[39mAssuming file has no coverage.
2026-02-16T02:05:11.8224458Z [36m[1m[ [22m[39m[36m[1mInfo: [22m[39mCoverageTools.process_file: Detecting coverage for src/coupling/data_transfer.jl
2026-02-16T02:05:11.8225734Z [36m[1m┌ [22m[39m[36m[1mInfo: [22m[39mCoverageTools.process_cov: Coverage file(s) for src/coupling/data_transfer.jl do not exist.
2026-02-16T02:05:11.8226361Z [36m[1m└ [22m[39mAssuming file has no coverage.
2026-02-16T02:05:11.8229578Z [36m[1m[ [22m[39m[36m[1mInfo: [22m[39mCoverageTools.process_file: Detecting coverage for src/coupling/operators.jl
2026-02-16T02:05:11.8231041Z [36m[1m┌ [22m[39m[36m[1mInfo: [22m[39mCoverageTools.process_cov: Coverage file(s) for src/coupling/operators.jl do not exist.
2026-02-16T02:05:11.8231767Z [36m[1m└ [22m[39mAssuming file has no coverage.
2026-02-16T02:05:11.8241478Z [36m[1m[ [22m[39m[36m[1mInfo: [22m[39mCoverageTools.process_folder: Searching src/eos for .jl files...
2026-02-16T02:05:11.8242994Z [36m[1m[ [22m[39m[36m[1mInfo: [22m[39mCoverageTools.process_file: Detecting coverage for src/eos/eos_interface.jl
2026-02-16T02:05:11.8244017Z [36m[1m┌ [22m[39m[36m[1mInfo: [22m[39mCoverageTools.process_cov: Coverage file(s) for src/eos/eos_interface.jl do not exist.
2026-02-16T02:05:11.8244618Z [36m[1m└ [22m[39mAssuming file has no coverage.
2026-02-16T02:05:11.8245533Z [36m[1m[ [22m[39m[36m[1mInfo: [22m[39mCoverageTools.process_file: Detecting coverage for src/eos/ideal_gas.jl
2026-02-16T02:05:11.8246868Z [36m[1m┌ [22m[39m[36m[1mInfo: [22m[39mCoverageTools.process_cov: Coverage file(s) for src/eos/ideal_gas.jl do not exist.
2026-02-16T02:05:11.8247464Z [36m[1m└ [22m[39mAssuming file has no coverage.
2026-02-16T02:05:11.8250906Z [36m[1m[ [22m[39m[36m[1mInfo: [22m[39mCoverageTools.process_file: Detecting coverage for src/eos/stiffened_gas.jl
2026-02-16T02:05:11.8252171Z [36m[1m┌ [22m[39m[36m[1mInfo: [22m[39mCoverageTools.process_cov: Coverage file(s) for src/eos/stiffened_gas.jl do not exist.
2026-02-16T02:05:11.8252999Z [36m[1m└ [22m[39mAssuming file has no coverage.
2026-02-16T02:05:11.8256438Z [36m[1m[ [22m[39m[36m[1mInfo: [22m[39mCoverageTools.process_folder: Searching src/equations for .jl files...
2026-02-16T02:05:11.8257976Z [36m[1m[ [22m[39m[36m[1mInfo: [22m[39mCoverageTools.process_file: Detecting coverage for src/equations/boundary_edge_contributions.jl
2026-02-16T02:05:11.8259071Z [36m[1m┌ [22m[39m[36m[1mInfo: [22m[39mCoverageTools.process_cov: Coverage file(s) for src/equations/boundary_edge_contributions.jl do not exist.
2026-02-16T02:05:11.8259722Z [36m[1m└ [22m[39mAssuming file has no coverage.
2026-02-16T02:05:11.8268731Z [36m[1m[ [22m[39m[36m[1mInfo: [22m[39mCoverageTools.process_file: Detecting coverage for src/equations/control_volumes.jl
2026-02-16T02:05:11.8270058Z [36m[1m┌ [22m[39m[36m[1mInfo: [22m[39mCoverageTools.process_cov: Coverage file(s) for src/equations/control_volumes.jl do not exist.
2026-02-16T02:05:11.8270666Z [36m[1m└ [22m[39mAssuming file has no coverage.
2026-02-16T02:05:11.8274198Z [36m[1m[ [22m[39m[36m[1mInfo: [22m[39mCoverageTools.process_file: Detecting coverage for src/equations/dirichlet.jl
2026-02-16T02:05:11.8275480Z [36m[1m┌ [22m[39m[36m[1mInfo: [22m[39mCoverageTools.process_cov: Coverage file(s) for src/equations/dirichlet.jl do not exist.
2026-02-16T02:05:11.8276070Z [36m[1m└ [22m[39mAssuming file has no coverage.
2026-02-16T02:05:11.8281445Z [36m[1m[ [22m[39m[36m[1mInfo: [22m[39mCoverageTools.process_file: Detecting coverage for src/equations/individual_flux_contributions.jl
2026-02-16T02:05:11.8283072Z [36m[1m┌ [22m[39m[36m[1mInfo: [22m[39mCoverageTools.process_cov: Coverage file(s) for src/equations/individual_flux_contributions.jl do not exist.
2026-02-16T02:05:11.8283769Z [36m[1m└ [22m[39mAssuming file has no coverage.
2026-02-16T02:05:11.8289213Z [36m[1m[ [22m[39m[36m[1mInfo: [22m[39mCoverageTools.process_file: Detecting coverage for src/equations/main_equations.jl
2026-02-16T02:05:11.8290533Z [36m[1m┌ [22m[39m[36m[1mInfo: [22m[39mCoverageTools.process_cov: Coverage file(s) for src/equations/main_equations.jl do not exist.
2026-02-16T02:05:11.8291145Z [36m[1m└ [22m[39mAssuming file has no coverage.
2026-02-16T02:05:11.8294985Z [36m[1m[ [22m[39m[36m[1mInfo: [22m[39mCoverageTools.process_file: Detecting coverage for src/equations/shape_functions.jl
2026-02-16T02:05:11.8296305Z [36m[1m┌ [22m[39m[36m[1mInfo: [22m[39mCoverageTools.process_cov: Coverage file(s) for src/equations/shape_functions.jl do not exist.
2026-02-16T02:05:11.8296928Z [36m[1m└ [22m[39mAssuming file has no coverage.
2026-02-16T02:05:11.8300046Z [36m[1m[ [22m[39m[36m[1mInfo: [22m[39mCoverageTools.process_file: Detecting coverage for src/equations/source_contributions.jl
2026-02-16T02:05:11.8301289Z [36m[1m┌ [22m[39m[36m[1mInfo: [22m[39mCoverageTools.process_cov: Coverage file(s) for src/equations/source_contributions.jl do not exist.
2026-02-16T02:05:11.8301930Z [36m[1m└ [22m[39mAssuming file has no coverage.
2026-02-16T02:05:11.8307241Z [36m[1m[ [22m[39m[36m[1mInfo: [22m[39mCoverageTools.process_file: Detecting coverage for src/equations/triangle_contributions.jl
2026-02-16T02:05:11.8308578Z [36m[1m┌ [22m[39m[36m[1mInfo: [22m[39mCoverageTools.process_cov: Coverage file(s) for src/equations/triangle_contributions.jl do not exist.
2026-02-16T02:05:11.8309241Z [36m[1m└ [22m[39mAssuming file has no coverage.
2026-02-16T02:05:11.8313922Z [36m[1m[ [22m[39m[36m[1mInfo: [22m[39mCoverageTools.process_file: Detecting coverage for src/geometry.jl
2026-02-16T02:05:11.8315223Z [36m[1m┌ [22m[39m[36m[1mInfo: [22m[39mCoverageTools.process_cov: Coverage file(s) for src/geometry.jl do not exist.
2026-02-16T02:05:11.8315796Z [36m[1m└ [22m[39mAssuming file has no coverage.
2026-02-16T02:05:11.8326211Z [36m[1m[ [22m[39m[36m[1mInfo: [22m[39mCoverageTools.process_folder: Searching src/hyperbolic for .jl files...
2026-02-16T02:05:11.8327720Z [36m[1m[ [22m[39m[36m[1mInfo: [22m[39mCoverageTools.process_file: Detecting coverage for src/hyperbolic/boundary_conditions_2d.jl
2026-02-16T02:05:11.8329025Z [36m[1m┌ [22m[39m[36m[1mInfo: [22m[39mCoverageTools.process_cov: Coverage file(s) for src/hyperbolic/boundary_conditions_2d.jl do not exist.
2026-02-16T02:05:11.8329659Z [36m[1m└ [22m[39mAssuming file has no coverage.
2026-02-16T02:05:11.8344213Z [36m[1m[ [22m[39m[36m[1mInfo: [22m[39mCoverageTools.process_file: Detecting coverage for src/hyperbolic/boundary_conditions_3d.jl
2026-02-16T02:05:11.8345691Z [36m[1m┌ [22m[39m[36m[1mInfo: [22m[39mCoverageTools.process_cov: Coverage file(s) for src/hyperbolic/boundary_conditions_3d.jl do not exist.
2026-02-16T02:05:11.8346352Z [36m[1m└ [22m[39mAssuming file has no coverage.
2026-02-16T02:05:11.8380025Z [36m[1m[ [22m[39m[36m[1mInfo: [22m[39mCoverageTools.process_file: Detecting coverage for src/hyperbolic/boundary_conditions_hyp.jl
2026-02-16T02:05:11.8381792Z [36m[1m┌ [22m[39m[36m[1mInfo: [22m[39mCoverageTools.process_cov: Coverage file(s) for src/hyperbolic/boundary_conditions_hyp.jl do not exist.
2026-02-16T02:05:11.8382895Z [36m[1m└ [22m[39mAssuming file has no coverage.
2026-02-16T02:05:11.8390730Z [36m[1m[ [22m[39m[36m[1mInfo: [22m[39mCoverageTools.process_file: Detecting coverage for src/hyperbolic/characteristic_projection.jl
2026-02-16T02:05:11.8391896Z [36m[1m┌ [22m[39m[36m[1mInfo: [22m[39mCoverageTools.process_cov: Coverage file(s) for src/hyperbolic/characteristic_projection.jl do not exist.
2026-02-16T02:05:11.8392897Z [36m[1m└ [22m[39mAssuming file has no coverage.
2026-02-16T02:05:11.8414563Z [36m[1m[ [22m[39m[36m[1mInfo: [22m[39mCoverageTools.process_file: Detecting coverage for src/hyperbolic/con2prim.jl
2026-02-16T02:05:11.8415667Z [36m[1m┌ [22m[39m[36m[1mInfo: [22m[39mCoverageTools.process_cov: Coverage file(s) for src/hyperbolic/con2prim.jl do not exist.
2026-02-16T02:05:11.8416302Z [36m[1m└ [22m[39mAssuming file has no coverage.
2026-02-16T02:05:11.8424753Z [36m[1m[ [22m[39m[36m[1mInfo: [22m[39mCoverageTools.process_file: Detecting coverage for src/hyperbolic/conservation_laws.jl
2026-02-16T02:05:11.8425870Z [36m[1m┌ [22m[39m[36m[1mInfo: [22m[39mCoverageTools.process_cov: Coverage file(s) for src/hyperbolic/conservation_laws.jl do not exist.
2026-02-16T02:05:11.8426511Z [36m[1m└ [22m[39mAssuming file has no coverage.
2026-02-16T02:05:11.8429151Z [36m[1m[ [22m[39m[36m[1mInfo: [22m[39mCoverageTools.process_file: Detecting coverage for src/hyperbolic/euler.jl
2026-02-16T02:05:11.8430355Z [36m[1m┌ [22m[39m[36m[1mInfo: [22m[39mCoverageTools.process_cov: Coverage file(s) for src/hyperbolic/euler.jl do not exist.
2026-02-16T02:05:11.8431330Z [36m[1m└ [22m[39mAssuming file has no coverage.
2026-02-16T02:05:11.8440906Z [36m[1m[ [22m[39m[36m[1mInfo: [22m[39mCoverageTools.process_file: Detecting coverage for src/hyperbolic/euler_3d.jl
2026-02-16T02:05:11.8442038Z [36m[1m┌ [22m[39m[36m[1mInfo: [22m[39mCoverageTools.process_cov: Coverage file(s) for src/hyperbolic/euler_3d.jl do not exist.
2026-02-16T02:05:11.8442903Z [36m[1m└ [22m[39mAssuming file has no coverage.
2026-02-16T02:05:11.8450212Z [36m[1m[ [22m[39m[36m[1mInfo: [22m[39mCoverageTools.process_file: Detecting coverage for src/hyperbolic/grmhd.jl
2026-02-16T02:05:11.8451256Z [36m[1m┌ [22m[39m[36m[1mInfo: [22m[39mCoverageTools.process_cov: Coverage file(s) for src/hyperbolic/grmhd.jl do not exist.
2026-02-16T02:05:11.8451847Z [36m[1m└ [22m[39mAssuming file has no coverage.
2026-02-16T02:05:11.8475602Z [36m[1m[ [22m[39m[36m[1mInfo: [22m[39mCoverageTools.process_file: Detecting coverage for src/hyperbolic/grmhd_con2prim.jl
2026-02-16T02:05:11.8476902Z [36m[1m┌ [22m[39m[36m[1mInfo: [22m[39mCoverageTools.process_cov: Coverage file(s) for src/hyperbolic/grmhd_con2prim.jl do not exist.
2026-02-16T02:05:11.8477571Z [36m[1m└ [22m[39mAssuming file has no coverage.
2026-02-16T02:05:11.8493311Z [36m[1m[ [22m[39m[36m[1mInfo: [22m[39mCoverageTools.process_file: Detecting coverage for src/hyperbolic/grmhd_solve_2d.jl
2026-02-16T02:05:11.8494641Z [36m[1m┌ [22m[39m[36m[1mInfo: [22m[39mCoverageTools.process_cov: Coverage file(s) for src/hyperbolic/grmhd_solve_2d.jl do not exist.
2026-02-16T02:05:11.8495403Z [36m[1m└ [22m[39mAssuming file has no coverage.
2026-02-16T02:05:11.8517516Z [36m[1m[ [22m[39m[36m[1mInfo: [22m[39mCoverageTools.process_file: Detecting coverage for src/hyperbolic/hall_mhd.jl
2026-02-16T02:05:11.8518681Z [36m[1m┌ [22m[39m[36m[1mInfo: [22m[39mCoverageTools.process_cov: Coverage file(s) for src/hyperbolic/hall_mhd.jl do not exist.
2026-02-16T02:05:11.8519363Z [36m[1m└ [22m[39mAssuming file has no coverage.
2026-02-16T02:05:11.8536173Z [36m[1m[ [22m[39m[36m[1mInfo: [22m[39mCoverageTools.process_file: Detecting coverage for src/hyperbolic/hllc_solver.jl
2026-02-16T02:05:11.8537350Z [36m[1m┌ [22m[39m[36m[1mInfo: [22m[39mCoverageTools.process_cov: Coverage file(s) for src/hyperbolic/hllc_solver.jl do not exist.
2026-02-16T02:05:11.8538049Z [36m[1m└ [22m[39mAssuming file has no coverage.
2026-02-16T02:05:11.8548771Z [36m[1m[ [22m[39m[36m[1mInfo: [22m[39mCoverageTools.process_file: Detecting coverage for src/hyperbolic/hlld_solver.jl
2026-02-16T02:05:11.8549944Z [36m[1m┌ [22m[39m[36m[1mInfo: [22m[39mCoverageTools.process_cov: Coverage file(s) for src/hyperbolic/hlld_solver.jl do not exist.
2026-02-16T02:05:11.8550625Z [36m[1m└ [22m[39mAssuming file has no coverage.
2026-02-16T02:05:11.8564957Z [36m[1m[ [22m[39m[36m[1mInfo: [22m[39mCoverageTools.process_file: Detecting coverage for src/hyperbolic/hyperbolic_problem.jl
2026-02-16T02:05:11.8566142Z [36m[1m┌ [22m[39m[36m[1mInfo: [22m[39mCoverageTools.process_cov: Coverage file(s) for src/hyperbolic/hyperbolic_problem.jl do not exist.
2026-02-16T02:05:11.8566811Z [36m[1m└ [22m[39mAssuming file has no coverage.
2026-02-16T02:05:11.8570164Z [36m[1m[ [22m[39m[36m[1mInfo: [22m[39mCoverageTools.process_file: Detecting coverage for src/hyperbolic/hyperbolic_problem_2d.jl
2026-02-16T02:05:11.8571369Z [36m[1m┌ [22m[39m[36m[1mInfo: [22m[39mCoverageTools.process_cov: Coverage file(s) for src/hyperbolic/hyperbolic_problem_2d.jl do not exist.
2026-02-16T02:05:11.8572054Z [36m[1m└ [22m[39mAssuming file has no coverage.
2026-02-16T02:05:11.8575527Z [36m[1m[ [22m[39m[36m[1mInfo: [22m[39mCoverageTools.process_file: Detecting coverage for src/hyperbolic/hyperbolic_problem_3d.jl
2026-02-16T02:05:11.8577240Z [36m[1m┌ [22m[39m[36m[1mInfo: [22m[39mCoverageTools.process_cov: Coverage file(s) for src/hyperbolic/hyperbolic_problem_3d.jl do not exist.
2026-02-16T02:05:11.8578090Z [36m[1m└ [22m[39mAssuming file has no coverage.
2026-02-16T02:05:11.8581227Z [36m[1m[ [22m[39m[36m[1mInfo: [22m[39mCoverageTools.process_file: Detecting coverage for src/hyperbolic/hyperbolic_solve.jl
2026-02-16T02:05:11.8582429Z [36m[1m┌ [22m[39m[36m[1mInfo: [22m[39mCoverageTools.process_cov: Coverage file(s) for src/hyperbolic/hyperbolic_solve.jl do not exist.
2026-02-16T02:05:11.8583382Z [36m[1m└ [22m[39mAssuming file has no coverage.
2026-02-16T02:05:11.8596261Z [36m[1m[ [22m[39m[36m[1mInfo: [22m[39mCoverageTools.process_file: Detecting coverage for src/hyperbolic/hyperbolic_solve_2d.jl
2026-02-16T02:05:11.8597386Z [36m[1m┌ [22m[39m[36m[1mInfo: [22m[39mCoverageTools.process_cov: Coverage file(s) for src/hyperbolic/hyperbolic_solve_2d.jl do not exist.
2026-02-16T02:05:11.8598020Z [36m[1m└ [22m[39mAssuming file has no coverage.
2026-02-16T02:05:11.8615449Z [36m[1m[ [22m[39m[36m[1mInfo: [22m[39mCoverageTools.process_file: Detecting coverage for src/hyperbolic/hyperbolic_solve_3d.jl
2026-02-16T02:05:11.8616772Z [36m[1m┌ [22m[39m[36m[1mInfo: [22m[39mCoverageTools.process_cov: Coverage file(s) for src/hyperbolic/hyperbolic_solve_3d.jl do not exist.
2026-02-16T02:05:11.8617601Z [36m[1m└ [22m[39mAssuming file has no coverage.
2026-02-16T02:05:11.8637961Z [36m[1m[ [22m[39m[36m[1mInfo: [22m[39mCoverageTools.process_file: Detecting coverage for src/hyperbolic/imex.jl
2026-02-16T02:05:11.8639020Z [36m[1m┌ [22m[39m[36m[1mInfo: [22m[39mCoverageTools.process_cov: Coverage file(s) for src/hyperbolic/imex.jl do not exist.
2026-02-16T02:05:11.8639632Z [36m[1m└ [22m[39mAssuming file has no coverage.
2026-02-16T02:05:11.8647949Z [36m[1m[ [22m[39m[36m[1mInfo: [22m[39mCoverageTools.process_file: Detecting coverage for src/hyperbolic/imex_solve.jl
2026-02-16T02:05:11.8649085Z [36m[1m┌ [22m[39m[36m[1mInfo: [22m[39mCoverageTools.process_cov: Coverage file(s) for src/hyperbolic/imex_solve.jl do not exist.
2026-02-16T02:05:11.8649738Z [36m[1m└ [22m[39mAssuming file has no coverage.
2026-02-16T02:05:11.8668262Z [36m[1m[ [22m[39m[36m[1mInfo: [22m[39mCoverageTools.process_file: Detecting coverage for src/hyperbolic/mhd.jl
2026-02-16T02:05:11.8669329Z [36m[1m┌ [22m[39m[36m[1mInfo: [22m[39mCoverageTools.process_cov: Coverage file(s) for src/hyperbolic/mhd.jl do not exist.
2026-02-16T02:05:11.8669939Z [36m[1m└ [22m[39mAssuming file has no coverage.
2026-02-16T02:05:11.8684076Z [36m[1m[ [22m[39m[36m[1mInfo: [22m[39mCoverageTools.process_file: Detecting coverage for src/hyperbolic/mhd_3d.jl
2026-02-16T02:05:11.8685287Z [36m[1m┌ [22m[39m[36m[1mInfo: [22m[39mCoverageTools.process_cov: Coverage file(s) for src/hyperbolic/mhd_3d.jl do not exist.
2026-02-16T02:05:11.8686004Z [36m[1m└ [22m[39mAssuming file has no coverage.
2026-02-16T02:05:11.8695749Z [36m[1m[ [22m[39m[36m[1mInfo: [22m[39mCoverageTools.process_file: Detecting coverage for src/hyperbolic/mhd_solve_2d.jl
2026-02-16T02:05:11.8697021Z [36m[1m┌ [22m[39m[36m[1mInfo: [22m[39mCoverageTools.process_cov: Coverage file(s) for src/hyperbolic/mhd_solve_2d.jl do not exist.
2026-02-16T02:05:11.8697776Z [36m[1m└ [22m[39mAssuming file has no coverage.
2026-02-16T02:05:11.8717638Z [36m[1m[ [22m[39m[36m[1mInfo: [22m[39mCoverageTools.process_file: Detecting coverage for src/hyperbolic/mhd_solve_3d.jl
2026-02-16T02:05:11.8718979Z [36m[1m┌ [22m[39m[36m[1mInfo: [22m[39mCoverageTools.process_cov: Coverage file(s) for src/hyperbolic/mhd_solve_3d.jl do not exist.
2026-02-16T02:05:11.8719751Z [36m[1m└ [22m[39mAssuming file has no coverage.
2026-02-16T02:05:11.8736636Z [36m[1m[ [22m[39m[36m[1mInfo: [22m[39mCoverageTools.process_file: Detecting coverage for src/hyperbolic/multirate.jl
2026-02-16T02:05:11.8737869Z [36m[1m┌ [22m[39m[36m[1mInfo: [22m[39mCoverageTools.process_cov: Coverage file(s) for src/hyperbolic/multirate.jl do not exist.
2026-02-16T02:05:11.8738980Z [36m[1m└ [22m[39mAssuming file has no coverage.
2026-02-16T02:05:11.8769792Z [36m[1m[ [22m[39m[36m[1mInfo: [22m[39mCoverageTools.process_file: Detecting coverage for src/hyperbolic/navier_stokes.jl
2026-02-16T02:05:11.8771089Z [36m[1m┌ [22m[39m[36m[1mInfo: [22m[39mCoverageTools.process_cov: Coverage file(s) for src/hyperbolic/navier_stokes.jl do not exist.
2026-02-16T02:05:11.8771866Z [36m[1m└ [22m[39mAssuming file has no coverage.
2026-02-16T02:05:11.8777301Z [36m[1m[ [22m[39m[36m[1mInfo: [22m[39mCoverageTools.process_file: Detecting coverage for src/hyperbolic/navier_stokes_solve.jl
2026-02-16T02:05:11.8778620Z [36m[1m┌ [22m[39m[36m[1mInfo: [22m[39mCoverageTools.process_cov: Coverage file(s) for src/hyperbolic/navier_stokes_solve.jl do not exist.
2026-02-16T02:05:11.8779388Z [36m[1m└ [22m[39mAssuming file has no coverage.
2026-02-16T02:05:11.8784757Z [36m[1m[ [22m[39m[36m[1mInfo: [22m[39mCoverageTools.process_file: Detecting coverage for src/hyperbolic/navier_stokes_solve_2d.jl
2026-02-16T02:05:11.8786126Z [36m[1m┌ [22m[39m[36m[1mInfo: [22m[39mCoverageTools.process_cov: Coverage file(s) for src/hyperbolic/navier_stokes_solve_2d.jl do not exist.
2026-02-16T02:05:11.8786911Z [36m[1m└ [22m[39mAssuming file has no coverage.
2026-02-16T02:05:11.8796744Z [36m[1m[ [22m[39m[36m[1mInfo: [22m[39mCoverageTools.process_file: Detecting coverage for src/hyperbolic/noslip_bc.jl
2026-02-16T02:05:11.8797847Z [36m[1m┌ [22m[39m[36m[1mInfo: [22m[39mCoverageTools.process_cov: Coverage file(s) for src/hyperbolic/noslip_bc.jl do not exist.
2026-02-16T02:05:11.8798477Z [36m[1m└ [22m[39mAssuming file has no coverage.
2026-02-16T02:05:11.8806363Z [36m[1m[ [22m[39m[36m[1mInfo: [22m[39mCoverageTools.process_file: Detecting coverage for src/hyperbolic/positivity_limiter.jl
2026-02-16T02:05:11.8807610Z [36m[1m┌ [22m[39m[36m[1mInfo: [22m[39mCoverageTools.process_cov: Coverage file(s) for src/hyperbolic/positivity_limiter.jl do not exist.
2026-02-16T02:05:11.8808333Z [36m[1m└ [22m[39mAssuming file has no coverage.
2026-02-16T02:05:11.8822044Z [36m[1m[ [22m[39m[36m[1mInfo: [22m[39mCoverageTools.process_file: Detecting coverage for src/hyperbolic/ppm.jl
2026-02-16T02:05:11.8823361Z [36m[1m┌ [22m[39m[36m[1mInfo: [22m[39mCoverageTools.process_cov: Coverage file(s) for src/hyperbolic/ppm.jl do not exist.
2026-02-16T02:05:11.8824039Z [36m[1m└ [22m[39mAssuming file has no coverage.
2026-02-16T02:05:11.8834674Z [36m[1m[ [22m[39m[36m[1mInfo: [22m[39mCoverageTools.process_file: Detecting coverage for src/hyperbolic/reconstruction.jl
2026-02-16T02:05:11.8835867Z [36m[1m┌ [22m[39m[36m[1mInfo: [22m[39mCoverageTools.process_cov: Coverage file(s) for src/hyperbolic/reconstruction.jl do not exist.
2026-02-16T02:05:11.8836570Z [36m[1m└ [22m[39mAssuming file has no coverage.
2026-02-16T02:05:11.8843548Z [36m[1m[ [22m[39m[36m[1mInfo: [22m[39mCoverageTools.process_file: Detecting coverage for src/hyperbolic/resistive_mhd.jl
2026-02-16T02:05:11.8844744Z [36m[1m┌ [22m[39m[36m[1mInfo: [22m[39mCoverageTools.process_cov: Coverage file(s) for src/hyperbolic/resistive_mhd.jl do not exist.
2026-02-16T02:05:11.8845441Z [36m[1m└ [22m[39mAssuming file has no coverage.
2026-02-16T02:05:11.8856308Z [36m[1m[ [22m[39m[36m[1mInfo: [22m[39mCoverageTools.process_file: Detecting coverage for src/hyperbolic/riemann_solvers.jl
2026-02-16T02:05:11.8857513Z [36m[1m┌ [22m[39m[36m[1mInfo: [22m[39mCoverageTools.process_cov: Coverage file(s) for src/hyperbolic/riemann_solvers.jl do not exist.
2026-02-16T02:05:11.8858215Z [36m[1m└ [22m[39mAssuming file has no coverage.
2026-02-16T02:05:11.8863145Z [36m[1m[ [22m[39m[36m[1mInfo: [22m[39mCoverageTools.process_file: Detecting coverage for src/hyperbolic/shallow_water.jl
2026-02-16T02:05:11.8864359Z [36m[1m┌ [22m[39m[36m[1mInfo: [22m[39mCoverageTools.process_cov: Coverage file(s) for src/hyperbolic/shallow_water.jl do not exist.
2026-02-16T02:05:11.8865335Z [36m[1m└ [22m[39mAssuming file has no coverage.
2026-02-16T02:05:11.8882082Z [36m[1m[ [22m[39m[36m[1mInfo: [22m[39mCoverageTools.process_file: Detecting coverage for src/hyperbolic/srhydro.jl
2026-02-16T02:05:11.8883452Z [36m[1m┌ [22m[39m[36m[1mInfo: [22m[39mCoverageTools.process_cov: Coverage file(s) for src/hyperbolic/srhydro.jl do not exist.
2026-02-16T02:05:11.8884135Z [36m[1m└ [22m[39mAssuming file has no coverage.
2026-02-16T02:05:11.8911311Z [36m[1m[ [22m[39m[36m[1mInfo: [22m[39mCoverageTools.process_file: Detecting coverage for src/hyperbolic/srmhd.jl
2026-02-16T02:05:11.8912444Z [36m[1m┌ [22m[39m[36m[1mInfo: [22m[39mCoverageTools.process_cov: Coverage file(s) for src/hyperbolic/srmhd.jl do not exist.
2026-02-16T02:05:11.8913336Z [36m[1m└ [22m[39mAssuming file has no coverage.
2026-02-16T02:05:11.8929182Z [36m[1m[ [22m[39m[36m[1mInfo: [22m[39mCoverageTools.process_file: Detecting coverage for src/hyperbolic/srmhd_solve.jl
2026-02-16T02:05:11.8930409Z [36m[1m┌ [22m[39m[36m[1mInfo: [22m[39mCoverageTools.process_cov: Coverage file(s) for src/hyperbolic/srmhd_solve.jl do not exist.
2026-02-16T02:05:11.8931107Z [36m[1m└ [22m[39mAssuming file has no coverage.
2026-02-16T02:05:11.8932235Z [36m[1m[ [22m[39m[36m[1mInfo: [22m[39mCoverageTools.process_file: Detecting coverage for src/hyperbolic/srmhd_solve_2d.jl
2026-02-16T02:05:11.8933524Z [36m[1m┌ [22m[39m[36m[1mInfo: [22m[39mCoverageTools.process_cov: Coverage file(s) for src/hyperbolic/srmhd_solve_2d.jl do not exist.
2026-02-16T02:05:11.8934252Z [36m[1m└ [22m[39mAssuming file has no coverage.
2026-02-16T02:05:11.8947416Z [36m[1m[ [22m[39m[36m[1mInfo: [22m[39mCoverageTools.process_file: Detecting coverage for src/hyperbolic/stiff_sources.jl
2026-02-16T02:05:11.8948679Z [36m[1m┌ [22m[39m[36m[1mInfo: [22m[39mCoverageTools.process_cov: Coverage file(s) for src/hyperbolic/stiff_sources.jl do not exist.
2026-02-16T02:05:11.8949451Z [36m[1m└ [22m[39mAssuming file has no coverage.
2026-02-16T02:05:11.8960763Z [36m[1m[ [22m[39m[36m[1mInfo: [22m[39mCoverageTools.process_file: Detecting coverage for src/hyperbolic/threading.jl
2026-02-16T02:05:11.8962017Z [36m[1m┌ [22m[39m[36m[1mInfo: [22m[39mCoverageTools.process_cov: Coverage file(s) for src/hyperbolic/threading.jl do not exist.
2026-02-16T02:05:11.8962992Z [36m[1m└ [22m[39mAssuming file has no coverage.
2026-02-16T02:05:11.8970788Z [36m[1m[ [22m[39m[36m[1mInfo: [22m[39mCoverageTools.process_file: Detecting coverage for src/hyperbolic/two_fluid.jl
2026-02-16T02:05:11.8972031Z [36m[1m┌ [22m[39m[36m[1mInfo: [22m[39mCoverageTools.process_cov: Coverage file(s) for src/hyperbolic/two_fluid.jl do not exist.
2026-02-16T02:05:11.8972985Z [36m[1m└ [22m[39mAssuming file has no coverage.
2026-02-16T02:05:11.8996202Z [36m[1m[ [22m[39m[36m[1mInfo: [22m[39mCoverageTools.process_file: Detecting coverage for src/hyperbolic/unstructured_problem.jl
2026-02-16T02:05:11.8997750Z [36m[1m┌ [22m[39m[36m[1mInfo: [22m[39mCoverageTools.process_cov: Coverage file(s) for src/hyperbolic/unstructured_problem.jl do not exist.
2026-02-16T02:05:11.8998543Z [36m[1m└ [22m[39mAssuming file has no coverage.
2026-02-16T02:05:11.9001895Z [36m[1m[ [22m[39m[36m[1mInfo: [22m[39mCoverageTools.process_file: Detecting coverage for src/hyperbolic/unstructured_solve.jl
2026-02-16T02:05:11.9003426Z [36m[1m┌ [22m[39m[36m[1mInfo: [22m[39mCoverageTools.process_cov: Coverage file(s) for src/hyperbolic/unstructured_solve.jl do not exist.
2026-02-16T02:05:11.9004200Z [36m[1m└ [22m[39mAssuming file has no coverage.
2026-02-16T02:05:11.9023478Z [36m[1m[ [22m[39m[36m[1mInfo: [22m[39mCoverageTools.process_file: Detecting coverage for src/hyperbolic/viscous_flux.jl
2026-02-16T02:05:11.9024744Z [36m[1m┌ [22m[39m[36m[1mInfo: [22m[39mCoverageTools.process_cov: Coverage file(s) for src/hyperbolic/viscous_flux.jl do not exist.
2026-02-16T02:05:11.9025654Z [36m[1m└ [22m[39mAssuming file has no coverage.
2026-02-16T02:05:11.9031924Z [36m[1m[ [22m[39m[36m[1mInfo: [22m[39mCoverageTools.process_file: Detecting coverage for src/hyperbolic/weno.jl
2026-02-16T02:05:11.9033324Z [36m[1m┌ [22m[39m[36m[1mInfo: [22m[39mCoverageTools.process_cov: Coverage file(s) for src/hyperbolic/weno.jl do not exist.
2026-02-16T02:05:11.9034035Z [36m[1m└ [22m[39mAssuming file has no coverage.
2026-02-16T02:05:11.9046616Z [36m[1m[ [22m[39m[36m[1mInfo: [22m[39mCoverageTools.process_file: Detecting coverage for src/hyperbolic/weno3.jl
2026-02-16T02:05:11.9047817Z [36m[1m┌ [22m[39m[36m[1mInfo: [22m[39mCoverageTools.process_cov: Coverage file(s) for src/hyperbolic/weno3.jl do not exist.
2026-02-16T02:05:11.9048544Z [36m[1m└ [22m[39mAssuming file has no coverage.
2026-02-16T02:05:11.9058074Z [36m[1m[ [22m[39m[36m[1mInfo: [22m[39mCoverageTools.process_folder: Searching src/mesh for .jl files...
2026-02-16T02:05:11.9059210Z [36m[1m[ [22m[39m[36m[1mInfo: [22m[39mCoverageTools.process_file: Detecting coverage for src/mesh/abstract_mesh.jl
2026-02-16T02:05:11.9060264Z [36m[1m┌ [22m[39m[36m[1mInfo: [22m[39mCoverageTools.process_cov: Coverage file(s) for src/mesh/abstract_mesh.jl do not exist.
2026-02-16T02:05:11.9060990Z [36m[1m└ [22m[39mAssuming file has no coverage.
2026-02-16T02:05:11.9063896Z [36m[1m[ [22m[39m[36m[1mInfo: [22m[39mCoverageTools.process_file: Detecting coverage for src/mesh/structured_mesh.jl
2026-02-16T02:05:11.9064991Z [36m[1m┌ [22m[39m[36m[1mInfo: [22m[39mCoverageTools.process_cov: Coverage file(s) for src/mesh/structured_mesh.jl do not exist.
2026-02-16T02:05:11.9074760Z [36m[1m└ [22m[39mAssuming file has no coverage.
2026-02-16T02:05:11.9076676Z [36m[1m[ [22m[39m[36m[1mInfo: [22m[39mCoverageTools.process_file: Detecting coverage for src/mesh/structured_mesh_3d.jl
2026-02-16T02:05:11.9078019Z [36m[1m┌ [22m[39m[36m[1mInfo: [22m[39mCoverageTools.process_cov: Coverage file(s) for src/mesh/structured_mesh_3d.jl do not exist.
2026-02-16T02:05:11.9078665Z [36m[1m└ [22m[39mAssuming file has no coverage.
2026-02-16T02:05:11.9086598Z [36m[1m[ [22m[39m[36m[1mInfo: [22m[39mCoverageTools.process_file: Detecting coverage for src/mesh/unstructured_hyperbolic_mesh.jl
2026-02-16T02:05:11.9087927Z [36m[1m┌ [22m[39m[36m[1mInfo: [22m[39mCoverageTools.process_cov: Coverage file(s) for src/mesh/unstructured_hyperbolic_mesh.jl do not exist.
2026-02-16T02:05:11.9088586Z [36m[1m└ [22m[39mAssuming file has no coverage.
2026-02-16T02:05:11.9099192Z [36m[1m[ [22m[39m[36m[1mInfo: [22m[39mCoverageTools.process_folder: Searching src/metric for .jl files...
2026-02-16T02:05:11.9100597Z [36m[1m[ [22m[39m[36m[1mInfo: [22m[39mCoverageTools.process_file: Detecting coverage for src/metric/abstract_metric.jl
2026-02-16T02:05:11.9101608Z [36m[1m┌ [22m[39m[36m[1mInfo: [22m[39mCoverageTools.process_cov: Coverage file(s) for src/metric/abstract_metric.jl do not exist.
2026-02-16T02:05:11.9102432Z [36m[1m└ [22m[39mAssuming file has no coverage.
2026-02-16T02:05:11.9103988Z [36m[1m[ [22m[39m[36m[1mInfo: [22m[39mCoverageTools.process_file: Detecting coverage for src/metric/kerr.jl
2026-02-16T02:05:11.9105295Z [36m[1m┌ [22m[39m[36m[1mInfo: [22m[39mCoverageTools.process_cov: Coverage file(s) for src/metric/kerr.jl do not exist.
2026-02-16T02:05:11.9105892Z [36m[1m└ [22m[39mAssuming file has no coverage.
2026-02-16T02:05:11.9111831Z [36m[1m[ [22m[39m[36m[1mInfo: [22m[39mCoverageTools.process_file: Detecting coverage for src/metric/metric_data.jl
2026-02-16T02:05:11.9113297Z [36m[1m┌ [22m[39m[36m[1mInfo: [22m[39mCoverageTools.process_cov: Coverage file(s) for src/metric/metric_data.jl do not exist.
2026-02-16T02:05:11.9113900Z [36m[1m└ [22m[39mAssuming file has no coverage.
2026-02-16T02:05:11.9121607Z [36m[1m[ [22m[39m[36m[1mInfo: [22m[39mCoverageTools.process_file: Detecting coverage for src/metric/minkowski.jl
2026-02-16T02:05:11.9123236Z [36m[1m┌ [22m[39m[36m[1mInfo: [22m[39mCoverageTools.process_cov: Coverage file(s) for src/metric/minkowski.jl do not exist.
2026-02-16T02:05:11.9123872Z [36m[1m└ [22m[39mAssuming file has no coverage.
2026-02-16T02:05:11.9126777Z [36m[1m[ [22m[39m[36m[1mInfo: [22m[39mCoverageTools.process_file: Detecting coverage for src/metric/schwarzschild.jl
2026-02-16T02:05:11.9128059Z [36m[1m┌ [22m[39m[36m[1mInfo: [22m[39mCoverageTools.process_cov: Coverage file(s) for src/metric/schwarzschild.jl do not exist.
2026-02-16T02:05:11.9128662Z [36m[1m└ [22m[39mAssuming file has no coverage.
2026-02-16T02:05:11.9134019Z [36m[1m[ [22m[39m[36m[1mInfo: [22m[39mCoverageTools.process_folder: Searching src/physics for .jl files...
2026-02-16T02:05:11.9135431Z [36m[1m[ [22m[39m[36m[1mInfo: [22m[39mCoverageTools.process_folder: Searching src/physics/turbulence for .jl files...
2026-02-16T02:05:11.9136774Z [36m[1m[ [22m[39m[36m[1mInfo: [22m[39mCoverageTools.process_file: Detecting coverage for src/physics/turbulence/k_epsilon.jl
2026-02-16T02:05:11.9137715Z [36m[1m┌ [22m[39m[36m[1mInfo: [22m[39mCoverageTools.process_cov: Coverage file(s) for src/physics/turbulence/k_epsilon.jl do not exist.
2026-02-16T02:05:11.9138348Z [36m[1m└ [22m[39mAssuming file has no coverage.
2026-02-16T02:05:11.9155291Z [36m[1m[ [22m[39m[36m[1mInfo: [22m[39mCoverageTools.process_file: Detecting coverage for src/problem.jl
2026-02-16T02:05:11.9156578Z [36m[1m┌ [22m[39m[36m[1mInfo: [22m[39mCoverageTools.process_cov: Coverage file(s) for src/problem.jl do not exist.
2026-02-16T02:05:11.9157290Z [36m[1m└ [22m[39mAssuming file has no coverage.
2026-02-16T02:05:11.9195591Z [36m[1m[ [22m[39m[36m[1mInfo: [22m[39mCoverageTools.process_folder: Searching src/schemes for .jl files...
2026-02-16T02:05:11.9197302Z [36m[1m[ [22m[39m[36m[1mInfo: [22m[39mCoverageTools.process_file: Detecting coverage for src/schemes/gradients.jl
2026-02-16T02:05:11.9198440Z [36m[1m┌ [22m[39m[36m[1mInfo: [22m[39mCoverageTools.process_cov: Coverage file(s) for src/schemes/gradients.jl do not exist.
2026-02-16T02:05:11.9199183Z [36m[1m└ [22m[39mAssuming file has no coverage.
2026-02-16T02:05:11.9213729Z [36m[1m[ [22m[39m[36m[1mInfo: [22m[39mCoverageTools.process_file: Detecting coverage for src/schemes/limiters.jl
2026-02-16T02:05:11.9215539Z [36m[1m┌ [22m[39m[36m[1mInfo: [22m[39mCoverageTools.process_cov: Coverage file(s) for src/schemes/limiters.jl do not exist.
2026-02-16T02:05:11.9216563Z [36m[1m└ [22m[39mAssuming file has no coverage.
2026-02-16T02:05:11.9230815Z [36m[1m[ [22m[39m[36m[1mInfo: [22m[39mCoverageTools.process_file: Detecting coverage for src/schemes/muscl.jl
2026-02-16T02:05:11.9232116Z [36m[1m┌ [22m[39m[36m[1mInfo: [22m[39mCoverageTools.process_cov: Coverage file(s) for src/schemes/muscl.jl do not exist.
2026-02-16T02:05:11.9233003Z [36m[1m└ [22m[39mAssuming file has no coverage.
2026-02-16T02:05:11.9246652Z [36m[1m[ [22m[39m[36m[1mInfo: [22m[39mCoverageTools.process_file: Detecting coverage for src/solve.jl
2026-02-16T02:05:11.9248040Z [36m[1m┌ [22m[39m[36m[1mInfo: [22m[39mCoverageTools.process_cov: Coverage file(s) for src/solve.jl do not exist.
2026-02-16T02:05:11.9248727Z [36m[1m└ [22m[39mAssuming file has no coverage.
2026-02-16T02:05:11.9263808Z [36m[1m[ [22m[39m[36m[1mInfo: [22m[39mCoverageTools.process_folder: Searching src/specific_problems for .jl files...
2026-02-16T02:05:11.9265543Z [36m[1m[ [22m[39m[36m[1mInfo: [22m[39mCoverageTools.process_file: Detecting coverage for src/specific_problems/abstract_templates.jl
2026-02-16T02:05:11.9266782Z [36m[1m┌ [22m[39m[36m[1mInfo: [22m[39mCoverageTools.process_cov: Coverage file(s) for src/specific_problems/abstract_templates.jl do not exist.
2026-02-16T02:05:11.9267572Z [36m[1m└ [22m[39mAssuming file has no coverage.
2026-02-16T02:05:11.9286713Z [36m[1m[ [22m[39m[36m[1mInfo: [22m[39mCoverageTools.process_file: Detecting coverage for src/specific_problems/advection_diffusion_equation.jl
2026-02-16T02:05:11.9288136Z [36m[1m┌ [22m[39m[36m[1mInfo: [22m[39mCoverageTools.process_cov: Coverage file(s) for src/specific_problems/advection_diffusion_equation.jl do not exist.
2026-02-16T02:05:11.9288858Z [36m[1m└ [22m[39mAssuming file has no coverage.
2026-02-16T02:05:11.9303055Z [36m[1m[ [22m[39m[36m[1mInfo: [22m[39mCoverageTools.process_file: Detecting coverage for src/specific_problems/anisotropic_diffusion.jl
2026-02-16T02:05:11.9304494Z [36m[1m┌ [22m[39m[36m[1mInfo: [22m[39mCoverageTools.process_cov: Coverage file(s) for src/specific_problems/anisotropic_diffusion.jl do not exist.
2026-02-16T02:05:11.9305205Z [36m[1m└ [22m[39mAssuming file has no coverage.
2026-02-16T02:05:11.9320140Z [36m[1m[ [22m[39m[36m[1mInfo: [22m[39mCoverageTools.process_file: Detecting coverage for src/specific_problems/diffusion_equation.jl
2026-02-16T02:05:11.9321615Z [36m[1m┌ [22m[39m[36m[1mInfo: [22m[39mCoverageTools.process_cov: Coverage file(s) for src/specific_problems/diffusion_equation.jl do not exist.
2026-02-16T02:05:11.9322312Z [36m[1m└ [22m[39mAssuming file has no coverage.
2026-02-16T02:05:11.9326784Z [36m[1m[ [22m[39m[36m[1mInfo: [22m[39mCoverageTools.process_file: Detecting coverage for src/specific_problems/laplaces_equation.jl
2026-02-16T02:05:11.9328244Z [36m[1m┌ [22m[39m[36m[1mInfo: [22m[39mCoverageTools.process_cov: Coverage file(s) for src/specific_problems/laplaces_equation.jl do not exist.
2026-02-16T02:05:11.9328999Z [36m[1m└ [22m[39mAssuming file has no coverage.
2026-02-16T02:05:11.9332256Z [36m[1m[ [22m[39m[36m[1mInfo: [22m[39mCoverageTools.process_file: Detecting coverage for src/specific_problems/linear_reaction_diffusion_equations.jl
2026-02-16T02:05:11.9333971Z [36m[1m┌ [22m[39m[36m[1mInfo: [22m[39mCoverageTools.process_cov: Coverage file(s) for src/specific_problems/linear_reaction_diffusion_equations.jl do not exist.
2026-02-16T02:05:11.9334810Z [36m[1m└ [22m[39mAssuming file has no coverage.
2026-02-16T02:05:11.9340615Z [36m[1m[ [22m[39m[36m[1mInfo: [22m[39mCoverageTools.process_file: Detecting coverage for src/specific_problems/mean_exit_time.jl
2026-02-16T02:05:11.9341962Z [36m[1m┌ [22m[39m[36m[1mInfo: [22m[39mCoverageTools.process_cov: Coverage file(s) for src/specific_problems/mean_exit_time.jl do not exist.
2026-02-16T02:05:11.9342803Z [36m[1m└ [22m[39mAssuming file has no coverage.
2026-02-16T02:05:11.9346881Z [36m[1m[ [22m[39m[36m[1mInfo: [22m[39mCoverageTools.process_file: Detecting coverage for src/specific_problems/poissons_equation.jl
2026-02-16T02:05:11.9348282Z [36m[1m┌ [22m[39m[36m[1mInfo: [22m[39mCoverageTools.process_cov: Coverage file(s) for src/specific_problems/poissons_equation.jl do not exist.
2026-02-16T02:05:11.9348931Z [36m[1m└ [22m[39mAssuming file has no coverage.
2026-02-16T02:05:11.9352292Z [36m[1m[ [22m[39m[36m[1mInfo: [22m[39mCoverageTools.process_file: Detecting coverage for src/utils.jl
2026-02-16T02:05:11.9353865Z [36m[1m┌ [22m[39m[36m[1mInfo: [22m[39mCoverageTools.process_cov: Coverage file(s) for src/utils.jl do not exist.
2026-02-16T02:05:11.9354442Z [36m[1m└ [22m[39mAssuming file has no coverage.
2026-02-16T02:05:12.1622380Z ##[group]Run codecov/codecov-action@v5
2026-02-16T02:05:12.1622975Z with:
2026-02-16T02:05:12.1623155Z   files: lcov.info
2026-02-16T02:05:12.1623352Z   disable_file_fixes: false
2026-02-16T02:05:12.1623572Z   disable_search: false
2026-02-16T02:05:12.1623772Z   disable_safe_directory: false
2026-02-16T02:05:12.1623998Z   disable_telem: false
2026-02-16T02:05:12.1624187Z   dry_run: false
2026-02-16T02:05:12.1624370Z   fail_ci_if_error: false
2026-02-16T02:05:12.1624564Z   git_service: github
2026-02-16T02:05:12.1624755Z   gcov_executable: gcov
2026-02-16T02:05:12.1624959Z   handle_no_reports_found: false
2026-02-16T02:05:12.1625188Z   recurse_submodules: false
2026-02-16T02:05:12.1625408Z   run_command: upload-coverage
2026-02-16T02:05:12.1625645Z   skip_validation: false
2026-02-16T02:05:12.1625864Z   use_legacy_upload_endpoint: false
2026-02-16T02:05:12.1626086Z   use_oidc: false
2026-02-16T02:05:12.1626260Z   use_pypi: false
2026-02-16T02:05:12.1626430Z   verbose: false
2026-02-16T02:05:12.1626630Z   version: latest
2026-02-16T02:05:12.1626795Z env:
2026-02-16T02:05:12.1626956Z   JULIA_PKG_SERVER: 
2026-02-16T02:05:12.1627167Z   JULIA_PKG_SERVER_REGISTRY_PREFERENCE: eager
2026-02-16T02:05:12.1627425Z ##[endgroup]
2026-02-16T02:05:12.1644332Z ##[group]Run missing_deps=""
2026-02-16T02:05:12.1644586Z [36;1mmissing_deps=""[0m
2026-02-16T02:05:12.1644788Z [36;1m[0m
2026-02-16T02:05:12.1644982Z [36;1m# Check for always-required commands[0m
2026-02-16T02:05:12.1645270Z [36;1mfor cmd in bash git curl; do[0m
2026-02-16T02:05:12.1645563Z [36;1m  if ! command -v "$cmd" >/dev/null 2>&1; then[0m
2026-02-16T02:05:12.1645864Z [36;1m    missing_deps="$missing_deps $cmd"[0m
2026-02-16T02:05:12.1646118Z [36;1m  fi[0m
2026-02-16T02:05:12.1646291Z [36;1mdone[0m
2026-02-16T02:05:12.1646454Z [36;1m[0m
2026-02-16T02:05:12.1646690Z [36;1m# Check for gpg only if validation is not being skipped[0m
2026-02-16T02:05:12.1647012Z [36;1mif [ "false" != "true" ]; then[0m
2026-02-16T02:05:12.1647288Z [36;1m  if ! command -v gpg >/dev/null 2>&1; then[0m
2026-02-16T02:05:12.1647585Z [36;1m    missing_deps="$missing_deps gpg"[0m
2026-02-16T02:05:12.1647838Z [36;1m  fi[0m
2026-02-16T02:05:12.1647997Z [36;1mfi[0m
2026-02-16T02:05:12.1648170Z [36;1m[0m
2026-02-16T02:05:12.1648362Z [36;1m# Report missing required dependencies[0m
2026-02-16T02:05:12.1648640Z [36;1mif [ -n "$missing_deps" ]; then[0m
2026-02-16T02:05:12.1649013Z [36;1m  echo "Error: The following required dependencies are missing:$missing_deps"[0m
2026-02-16T02:05:12.1649541Z [36;1m  echo "Please install these dependencies before using this action."[0m
2026-02-16T02:05:12.1649914Z [36;1m  exit 1[0m
2026-02-16T02:05:12.1650084Z [36;1mfi[0m
2026-02-16T02:05:12.1650258Z [36;1m[0m
2026-02-16T02:05:12.1650495Z [36;1mecho "All required system dependencies are available."[0m
2026-02-16T02:05:12.1690276Z shell: /usr/bin/sh -e {0}
2026-02-16T02:05:12.1690492Z env:
2026-02-16T02:05:12.1690652Z   JULIA_PKG_SERVER: 
2026-02-16T02:05:12.1690891Z   JULIA_PKG_SERVER_REGISTRY_PREFERENCE: eager
2026-02-16T02:05:12.1691149Z ##[endgroup]
2026-02-16T02:05:12.1744990Z All required system dependencies are available.
2026-02-16T02:05:12.1761259Z ##[group]Run CC_ACTION_VERSION=$(cat ${GITHUB_ACTION_PATH}/src/version)
2026-02-16T02:05:12.1761692Z [36;1mCC_ACTION_VERSION=$(cat ${GITHUB_ACTION_PATH}/src/version)[0m
2026-02-16T02:05:12.1762135Z [36;1mecho -e "\033[0;32m==>\033[0m Running Action version $CC_ACTION_VERSION"[0m
2026-02-16T02:05:12.1805904Z shell: /usr/bin/bash --noprofile --norc -e -o pipefail {0}
2026-02-16T02:05:12.1806223Z env:
2026-02-16T02:05:12.1806392Z   JULIA_PKG_SERVER: 
2026-02-16T02:05:12.1806628Z   JULIA_PKG_SERVER_REGISTRY_PREFERENCE: eager
2026-02-16T02:05:12.1807060Z ##[endgroup]
2026-02-16T02:05:12.1883353Z [0;32m==>[0m Running Action version 5.5.2
2026-02-16T02:05:12.1902073Z ##[group]Run git config --global --add safe.directory "/home/runner/work/FiniteVolumeMethod.jl/FiniteVolumeMethod.jl"
2026-02-16T02:05:12.1903355Z [36;1mgit config --global --add safe.directory "/home/runner/work/FiniteVolumeMethod.jl/FiniteVolumeMethod.jl"[0m
2026-02-16T02:05:12.1903961Z [36;1mgit config --global --add safe.directory "$GITHUB_WORKSPACE"[0m
2026-02-16T02:05:12.1946920Z shell: /usr/bin/bash --noprofile --norc -e -o pipefail {0}
2026-02-16T02:05:12.1947234Z env:
2026-02-16T02:05:12.1947410Z   JULIA_PKG_SERVER: 
2026-02-16T02:05:12.1947641Z   JULIA_PKG_SERVER_REGISTRY_PREFERENCE: eager
2026-02-16T02:05:12.1947902Z ##[endgroup]
2026-02-16T02:05:12.2060360Z ##[group]Run CC_FORK="false"
2026-02-16T02:05:12.2060608Z [36;1mCC_FORK="false"[0m
2026-02-16T02:05:12.2061147Z [36;1mif [ -n "$GITHUB_EVENT_PULL_REQUEST_HEAD_REPO_FULL_NAME" ] && [ "$GITHUB_EVENT_PULL_REQUEST_HEAD_REPO_FULL_NAME" != "$GITHUB_REPOSITORY" ];[0m
2026-02-16T02:05:12.2061713Z [36;1mthen[0m
2026-02-16T02:05:12.2061933Z [36;1m  echo -e "\033[0;32m==>\033[0m Fork detected"[0m
2026-02-16T02:05:12.2062215Z [36;1m  CC_FORK="true"[0m
2026-02-16T02:05:12.2062413Z [36;1mfi[0m
2026-02-16T02:05:12.2062847Z [36;1mecho "CC_FORK=$CC_FORK" >> "$GITHUB_ENV"[0m
2026-02-16T02:05:12.2108616Z shell: /usr/bin/bash --noprofile --norc -e -o pipefail {0}
2026-02-16T02:05:12.2108938Z env:
2026-02-16T02:05:12.2109150Z   JULIA_PKG_SERVER: 
2026-02-16T02:05:12.2109382Z   JULIA_PKG_SERVER_REGISTRY_PREFERENCE: eager
2026-02-16T02:05:12.2109678Z   GITHUB_EVENT_PULL_REQUEST_HEAD_LABEL: 
2026-02-16T02:05:12.2109976Z   GITHUB_EVENT_PULL_REQUEST_HEAD_REPO_FULL_NAME: 
2026-02-16T02:05:12.2110295Z   GITHUB_REPOSITORY: cx-xd/FiniteVolumeMethod.jl
2026-02-16T02:05:12.2110563Z ##[endgroup]
2026-02-16T02:05:12.2210738Z ##[group]Run actions/github-script@60a0d83039c74a4aee543508d2ffcb1c3799cdea
2026-02-16T02:05:12.2211105Z with:
2026-02-16T02:05:12.2211676Z   script: if (process.env.CC_USE_OIDC === 'true' && process.env.CC_FORK != 'true') {
  const id_token = await core.getIDToken(process.env.CC_OIDC_AUDIENCE)
  return id_token
}

2026-02-16T02:05:12.2212440Z   github-token: ***
2026-02-16T02:05:12.2212879Z   debug: false
2026-02-16T02:05:12.2213075Z   user-agent: actions/github-script
2026-02-16T02:05:12.2213324Z   result-encoding: json
2026-02-16T02:05:12.2213514Z   retries: 0
2026-02-16T02:05:12.2213720Z   retry-exempt-status-codes: 400,401,403,404,422
2026-02-16T02:05:12.2213976Z env:
2026-02-16T02:05:12.2214139Z   JULIA_PKG_SERVER: 
2026-02-16T02:05:12.2214350Z   JULIA_PKG_SERVER_REGISTRY_PREFERENCE: eager
2026-02-16T02:05:12.2214610Z   CC_FORK: false
2026-02-16T02:05:12.2214812Z   CC_OIDC_AUDIENCE: https://codecov.io
2026-02-16T02:05:12.2215056Z   CC_USE_OIDC: false
2026-02-16T02:05:12.2215238Z ##[endgroup]
2026-02-16T02:05:12.3178006Z ##[group]Run if [ "false" == 'true' ] && [ "$CC_FORK" != 'true' ];
2026-02-16T02:05:12.3178430Z [36;1mif [ "false" == 'true' ] && [ "$CC_FORK" != 'true' ];[0m
2026-02-16T02:05:12.3178720Z [36;1mthen[0m
2026-02-16T02:05:12.3178957Z [36;1m  echo "CC_TOKEN=$CC_OIDC_TOKEN" >> "$GITHUB_ENV"[0m
2026-02-16T02:05:12.3179247Z [36;1melif [ -n "" ];[0m
2026-02-16T02:05:12.3179457Z [36;1mthen[0m
2026-02-16T02:05:12.3179680Z [36;1m  echo -e "\033[0;32m==>\033[0m Token set from env"[0m
2026-02-16T02:05:12.3179993Z [36;1m    echo "CC_TOKEN=" >> "$GITHUB_ENV"[0m
2026-02-16T02:05:12.3180245Z [36;1melse[0m
2026-02-16T02:05:12.3180411Z [36;1m  if [ -n "" ];[0m
2026-02-16T02:05:12.3180609Z [36;1m  then[0m
2026-02-16T02:05:12.3180838Z [36;1m    echo -e "\033[0;32m==>\033[0m Token set from input"[0m
2026-02-16T02:05:12.3181154Z [36;1m    CC_TOKEN=$(echo "" | tr -d '\n')[0m
2026-02-16T02:05:12.3181450Z [36;1m    echo "CC_TOKEN=$CC_TOKEN" >> "$GITHUB_ENV"[0m
2026-02-16T02:05:12.3181735Z [36;1m  fi[0m
2026-02-16T02:05:12.3181898Z [36;1mfi[0m
2026-02-16T02:05:12.3241804Z shell: /usr/bin/bash --noprofile --norc -e -o pipefail {0}
2026-02-16T02:05:12.3242305Z env:
2026-02-16T02:05:12.3242480Z   JULIA_PKG_SERVER: 
2026-02-16T02:05:12.3242982Z   JULIA_PKG_SERVER_REGISTRY_PREFERENCE: eager
2026-02-16T02:05:12.3243256Z   CC_FORK: false
2026-02-16T02:05:12.3243593Z   CC_OIDC_TOKEN: 
2026-02-16T02:05:12.3243817Z   CC_OIDC_AUDIENCE: https://codecov.io
2026-02-16T02:05:12.3244079Z ##[endgroup]
2026-02-16T02:05:12.3328775Z ##[group]Run if [ -z "$CC_BRANCH" ] && [ -z "$CC_TOKEN" ] && [ "$CC_FORK" == 'true' ]
2026-02-16T02:05:12.3329252Z [36;1mif [ -z "$CC_BRANCH" ] && [ -z "$CC_TOKEN" ] && [ "$CC_FORK" == 'true' ][0m
2026-02-16T02:05:12.3329591Z [36;1mthen[0m
2026-02-16T02:05:12.3329974Z [36;1m  echo -e "\033[0;32m==>\033[0m Fork detected, setting branch to $GITHUB_EVENT_PULL_REQUEST_HEAD_LABEL"[0m
2026-02-16T02:05:12.3330489Z [36;1m  TOKENLESS="$GITHUB_EVENT_PULL_REQUEST_HEAD_LABEL"[0m
2026-02-16T02:05:12.3330848Z [36;1m  CC_BRANCH="$GITHUB_EVENT_PULL_REQUEST_HEAD_LABEL"[0m
2026-02-16T02:05:12.3331191Z [36;1m  echo "TOKENLESS=$TOKENLESS" >> "$GITHUB_ENV"[0m
2026-02-16T02:05:12.3331465Z [36;1mfi[0m
2026-02-16T02:05:12.3331626Z [36;1m[0m
2026-02-16T02:05:12.3331831Z [36;1mecho "CC_BRANCH=$CC_BRANCH" >> "$GITHUB_ENV"[0m
2026-02-16T02:05:12.3374780Z shell: /usr/bin/bash --noprofile --norc -e -o pipefail {0}
2026-02-16T02:05:12.3375094Z env:
2026-02-16T02:05:12.3375263Z   JULIA_PKG_SERVER: 
2026-02-16T02:05:12.3375490Z   JULIA_PKG_SERVER_REGISTRY_PREFERENCE: eager
2026-02-16T02:05:12.3375754Z   CC_FORK: false
2026-02-16T02:05:12.3375930Z   CC_BRANCH: 
2026-02-16T02:05:12.3376115Z   GITHUB_EVENT_PULL_REQUEST_HEAD_LABEL: 
2026-02-16T02:05:12.3376396Z   GITHUB_EVENT_PULL_REQUEST_HEAD_REPO_FULL_NAME: 
2026-02-16T02:05:12.3376698Z   GITHUB_REPOSITORY: cx-xd/FiniteVolumeMethod.jl
2026-02-16T02:05:12.3376965Z ##[endgroup]
2026-02-16T02:05:12.3457895Z ##[group]Run if [ -z "$CC_SHA" ];
2026-02-16T02:05:12.3458160Z [36;1mif [ -z "$CC_SHA" ];[0m
2026-02-16T02:05:12.3458378Z [36;1mthen[0m
2026-02-16T02:05:12.3458612Z [36;1m  CC_SHA="$GITHUB_EVENT_PULL_REQUEST_HEAD_SHA"[0m
2026-02-16T02:05:12.3458896Z [36;1mfi[0m
2026-02-16T02:05:12.3459108Z [36;1mif [ -z "$CC_PR" ] && [ "$CC_FORK" == 'true' ];[0m
2026-02-16T02:05:12.3459372Z [36;1mthen[0m
2026-02-16T02:05:12.3459556Z [36;1m  CC_PR="$GITHUB_EVENT_NUMBER"[0m
2026-02-16T02:05:12.3459793Z [36;1mfi[0m
2026-02-16T02:05:12.3459945Z [36;1m[0m
2026-02-16T02:05:12.3460137Z [36;1mecho "CC_SHA=$CC_SHA" >> "$GITHUB_ENV"[0m
2026-02-16T02:05:12.3460417Z [36;1mecho "CC_PR=$CC_PR" >> "$GITHUB_ENV"[0m
2026-02-16T02:05:12.3503666Z shell: /usr/bin/bash --noprofile --norc -e -o pipefail {0}
2026-02-16T02:05:12.3503980Z env:
2026-02-16T02:05:12.3504147Z   JULIA_PKG_SERVER: 
2026-02-16T02:05:12.3504381Z   JULIA_PKG_SERVER_REGISTRY_PREFERENCE: eager
2026-02-16T02:05:12.3504648Z   CC_FORK: false
2026-02-16T02:05:12.3504819Z   CC_BRANCH: 
2026-02-16T02:05:12.3504982Z   CC_PR: 
2026-02-16T02:05:12.3505131Z   CC_SHA: 
2026-02-16T02:05:12.3505296Z   GITHUB_EVENT_NAME: push
2026-02-16T02:05:12.3505513Z   GITHUB_EVENT_NUMBER: 
2026-02-16T02:05:12.3505728Z   GITHUB_EVENT_PULL_REQUEST_HEAD_SHA: 
2026-02-16T02:05:12.3505963Z ##[endgroup]
2026-02-16T02:05:12.3589522Z ##[group]Run ${GITHUB_ACTION_PATH}/dist/codecov.sh
2026-02-16T02:05:12.3589854Z [36;1m${GITHUB_ACTION_PATH}/dist/codecov.sh[0m
2026-02-16T02:05:12.3632466Z shell: /usr/bin/bash --noprofile --norc -e -o pipefail {0}
2026-02-16T02:05:12.3633120Z env:
2026-02-16T02:05:12.3633286Z   JULIA_PKG_SERVER: 
2026-02-16T02:05:12.3633528Z   JULIA_PKG_SERVER_REGISTRY_PREFERENCE: eager
2026-02-16T02:05:12.3633795Z   CC_FORK: false
2026-02-16T02:05:12.3633962Z   CC_BRANCH: 
2026-02-16T02:05:12.3634124Z   CC_SHA: 
2026-02-16T02:05:12.3634278Z   CC_PR: 
2026-02-16T02:05:12.3634439Z   CC_BASE_SHA: 
2026-02-16T02:05:12.3634617Z   CC_BINARY: 
2026-02-16T02:05:12.3634789Z   CC_BUILD: 
2026-02-16T02:05:12.3634946Z   CC_BUILD_URL: 
2026-02-16T02:05:12.3635115Z   CC_CODE: 
2026-02-16T02:05:12.3635264Z   CC_DIR: 
2026-02-16T02:05:12.3635610Z   CC_DISABLE_FILE_FIXES: false
2026-02-16T02:05:12.3635827Z   CC_DISABLE_SEARCH: false
2026-02-16T02:05:12.3636034Z   CC_DISABLE_TELEM: false
2026-02-16T02:05:12.3636233Z   CC_DRY_RUN: false
2026-02-16T02:05:12.3636413Z   CC_ENTERPRISE_URL: 
2026-02-16T02:05:12.3636712Z   CC_ENV: 
2026-02-16T02:05:12.3636868Z   CC_EXCLUDES: 
2026-02-16T02:05:12.3637047Z   CC_FAIL_ON_ERROR: false
2026-02-16T02:05:12.3637241Z   CC_FILES: lcov.info
2026-02-16T02:05:12.3637418Z   CC_FLAGS: 
2026-02-16T02:05:12.3637573Z   CC_FORCE: 
2026-02-16T02:05:12.3637732Z   CC_GCOV_ARGS: 
2026-02-16T02:05:12.3637910Z   CC_GCOV_EXECUTABLE: gcov
2026-02-16T02:05:12.3638115Z   CC_GCOV_IGNORE: 
2026-02-16T02:05:12.3638286Z   CC_GCOV_INCLUDE: 
2026-02-16T02:05:12.3638469Z   CC_GIT_SERVICE: github
2026-02-16T02:05:12.3638683Z   CC_HANDLE_NO_REPORTS_FOUND: false
2026-02-16T02:05:12.3638907Z   CC_JOB_CODE: 
2026-02-16T02:05:12.3639078Z   CC_LEGACY: false
2026-02-16T02:05:12.3639241Z   CC_NAME: 
2026-02-16T02:05:12.3639407Z   CC_NETWORK_FILTER: 
2026-02-16T02:05:12.3639596Z   CC_NETWORK_PREFIX: 
2026-02-16T02:05:12.3639786Z   CC_NETWORK_ROOT_FOLDER: 
2026-02-16T02:05:12.3639971Z   CC_OS: 
2026-02-16T02:05:12.3640128Z   CC_PARENT_SHA: 
2026-02-16T02:05:12.3640295Z   CC_PLUGINS: 
2026-02-16T02:05:12.3640479Z   CC_RECURSE_SUBMODULES: false
2026-02-16T02:05:12.3640690Z   CC_REPORT_TYPE: 
2026-02-16T02:05:12.3640869Z   CC_RUN_CMD: upload-coverage
2026-02-16T02:05:12.3641078Z   CC_SERVICE: github
2026-02-16T02:05:12.3641276Z   CC_SKIP_VALIDATION: false
2026-02-16T02:05:12.3641477Z   CC_SLUG: 
2026-02-16T02:05:12.3641634Z   CC_SWIFT_PROJECT: 
2026-02-16T02:05:12.3641856Z   CC_USE_PYPI: false
2026-02-16T02:05:12.3642028Z   CC_VERBOSE: false
2026-02-16T02:05:12.3642202Z   CC_VERSION: latest
2026-02-16T02:05:12.3642372Z   CC_YML_PATH: 
2026-02-16T02:05:12.3642725Z ##[endgroup]
2026-02-16T02:05:12.3728519Z      _____          _
2026-02-16T02:05:12.3728878Z     / ____|        | |
2026-02-16T02:05:12.3729211Z    | |     ___   __| | ___  ___ _____   __
2026-02-16T02:05:12.3729637Z    | |    / _ \ / _` |/ _ \/ __/ _ \ \ / /
2026-02-16T02:05:12.3730121Z    | |___| (_) | (_| |  __/ (_| (_) \ V /
2026-02-16T02:05:12.3730524Z     \_____\___/ \__,_|\___|\___\___/ \_/
2026-02-16T02:05:12.3731235Z                            [0;31m Wrapper-0.2.7[0m
2026-02-16T02:05:12.3731676Z                            
2026-02-16T02:05:12.3787854Z [0;32m==>[0m Detected [0;36mlinux[0m
2026-02-16T02:05:12.3788686Z [0;32m ->[0m Downloading [0;36mhttps://cli.codecov.io/latest/linux/codecov[0m
2026-02-16T02:05:12.3841530Z   % Total    % Received % Xferd  Average Speed   Time    Time     Time  Current
2026-02-16T02:05:12.3842279Z                                  Dload  Upload   Total   Spent    Left  Speed
2026-02-16T02:05:12.3842825Z 
2026-02-16T02:05:12.6308466Z   0     0    0     0    0     0      0      0 --:--:-- --:--:-- --:--:--     0
2026-02-16T02:05:12.6309012Z 100 10.6M  100 10.6M    0     0  43.1M      0 --:--:-- --:--:-- --:--:-- 43.2M
2026-02-16T02:05:12.6332482Z [0;32m==>[0m Finishing downloading [0;36mlinux:latest[0m
2026-02-16T02:05:12.7129348Z       Version: [0;36mv11.2.6[0m
2026-02-16T02:05:12.7129752Z  
2026-02-16T02:05:12.7555739Z gpg: directory '/home/runner/.gnupg' created
2026-02-16T02:05:12.7560436Z gpg: keybox '/home/runner/.gnupg/pubring.kbx' created
2026-02-16T02:05:12.9180918Z gpg: /home/runner/.gnupg/trustdb.gpg: trustdb created
2026-02-16T02:05:12.9181981Z gpg: key 806BB28AED779869: public key "Codecov Uploader (Codecov Uploader Verification Key) <security@codecov.io>" imported
2026-02-16T02:05:12.9470618Z gpg: Total number processed: 1
2026-02-16T02:05:12.9471078Z gpg:               imported: 1
2026-02-16T02:05:12.9476188Z [0;32m==>[0m Verifying GPG signature integrity
2026-02-16T02:05:12.9477178Z [0;32m ->[0m Downloading [0;36mhttps://cli.codecov.io/latest/linux/codecov.SHA256SUM[0m
2026-02-16T02:05:12.9478688Z [0;32m ->[0m Downloading [0;36mhttps://cli.codecov.io/latest/linux/codecov.SHA256SUM.sig[0m
2026-02-16T02:05:12.9479813Z  
2026-02-16T02:05:13.1006765Z gpg: Signature made Fri Dec  5 15:31:48 2025 UTC
2026-02-16T02:05:13.1007514Z gpg:                using RSA key 27034E7FDB850E0BBC2C62FF806BB28AED779869
2026-02-16T02:05:13.1010308Z gpg: Good signature from "Codecov Uploader (Codecov Uploader Verification Key) <security@codecov.io>" [unknown]
2026-02-16T02:05:13.1011542Z gpg: WARNING: This key is not certified with a trusted signature!
2026-02-16T02:05:13.1012413Z gpg:          There is no indication that the signature belongs to the owner.
2026-02-16T02:05:13.1013680Z Primary key fingerprint: 2703 4E7F DB85 0E0B BC2C  62FF 806B B28A ED77 9869
2026-02-16T02:05:13.1850998Z codecov: OK
2026-02-16T02:05:13.1860472Z [0;32m==>[0m CLI integrity verified
2026-02-16T02:05:13.1860801Z 
2026-02-16T02:05:13.2493433Z [0;32m ->[0m Token length: 0
2026-02-16T02:05:13.2493952Z [0;32m==>[0m Running upload-coverage
2026-02-16T02:05:13.2504907Z       [0;36m./codecov  upload-coverage --git-service github --file lcov.info --gcov-executable gcov[0m
2026-02-16T02:05:13.6041445Z info - 2026-02-16 02:05:13,603 -- ci service found: github-actions
2026-02-16T02:05:13.6136387Z warning - 2026-02-16 02:05:13,613 -- No config file could be found. Ignoring config.
2026-02-16T02:05:13.6446402Z warning - 2026-02-16 02:05:13,644 -- xcrun is not installed or can't be found.
2026-02-16T02:05:13.6510202Z warning - 2026-02-16 02:05:13,650 -- No gcov data found.
2026-02-16T02:05:13.6514246Z warning - 2026-02-16 02:05:13,651 -- coverage.py is not installed or can't be found.
2026-02-16T02:05:13.6800409Z info - 2026-02-16 02:05:13,679 -- Found 1 coverage files to report
2026-02-16T02:05:13.6801704Z info - 2026-02-16 02:05:13,680 -- > /home/runner/work/FiniteVolumeMethod.jl/FiniteVolumeMethod.jl/lcov.info
2026-02-16T02:05:13.9213648Z info - 2026-02-16 02:05:13,921 -- Process Upload complete
2026-02-16T02:05:13.9215212Z error - 2026-02-16 02:05:13,921 -- Upload failed: {"message":"Token required - not valid tokenless upload"}
2026-02-16T02:05:14.1747886Z Post job cleanup.
2026-02-16T02:05:14.1803307Z Post job cleanup.
2026-02-16T02:05:14.2756184Z [command]/usr/bin/git version
2026-02-16T02:05:14.2792310Z git version 2.52.0
2026-02-16T02:05:14.2830878Z Copying '/home/runner/.gitconfig' to '/home/runner/work/_temp/1e597034-5fce-4752-9018-6b4c5eac6076/.gitconfig'
2026-02-16T02:05:14.2841140Z Temporarily overriding HOME='/home/runner/work/_temp/1e597034-5fce-4752-9018-6b4c5eac6076' before making global git config changes
2026-02-16T02:05:14.2842460Z Adding repository directory to the temporary git global config as a safe directory
2026-02-16T02:05:14.2854647Z [command]/usr/bin/git config --global --add safe.directory /home/runner/work/FiniteVolumeMethod.jl/FiniteVolumeMethod.jl
2026-02-16T02:05:14.2889771Z [command]/usr/bin/git config --local --name-only --get-regexp core\.sshCommand
2026-02-16T02:05:14.2923526Z [command]/usr/bin/git submodule foreach --recursive sh -c "git config --local --name-only --get-regexp 'core\.sshCommand' && git config --local --unset-all 'core.sshCommand' || :"
2026-02-16T02:05:14.3164267Z [command]/usr/bin/git config --local --name-only --get-regexp http\.https\:\/\/github\.com\/\.extraheader
2026-02-16T02:05:14.3186034Z http.https://github.com/.extraheader
2026-02-16T02:05:14.3199311Z [command]/usr/bin/git config --local --unset-all http.https://github.com/.extraheader
2026-02-16T02:05:14.3234295Z [command]/usr/bin/git submodule foreach --recursive sh -c "git config --local --name-only --get-regexp 'http\.https\:\/\/github\.com\/\.extraheader' && git config --local --unset-all 'http.https://github.com/.extraheader' || :"
2026-02-16T02:05:14.3467031Z [command]/usr/bin/git config --local --name-only --get-regexp ^includeIf\.gitdir:
2026-02-16T02:05:14.3498613Z [command]/usr/bin/git submodule foreach --recursive git config --local --show-origin --name-only --get-regexp remote.origin.url
2026-02-16T02:05:14.3831918Z Cleaning up orphan processes
